   Compiling unicode-ident v1.0.24
   Compiling cfg-if v1.0.4
   Compiling bitflags v2.11.0
   Compiling equivalent v1.0.2
   Compiling once_cell v1.21.3
   Compiling libc v0.2.183
   Compiling allocator-api2 v0.2.21
   Compiling crossbeam-utils v0.8.21
   Compiling smallvec v1.15.1
   Compiling foldhash v0.2.0
   Compiling proc-macro2 v1.0.106
   Compiling pin-project-lite v0.2.17
   Compiling log v0.4.29
   Compiling serde_core v1.0.228
   Compiling either v1.15.0
   Compiling arrayvec v0.7.6
   Compiling hashbrown v0.16.1
   Compiling getrandom v0.2.17
   Compiling libm v0.2.16
   Compiling memchr v2.8.0
   Compiling unicode-xid v0.2.6
   Compiling quote v1.0.45
   Compiling futures-core v0.3.32
   Compiling syn v2.0.117
   Compiling indexmap v2.13.0
   Compiling const-random-macro v0.1.16
   Compiling tracing-core v0.1.36
   Compiling slab v0.4.12
   Compiling parking v2.2.1
   Compiling toml_edit v0.22.27
   Compiling getrandom v0.3.4
   Compiling rand_core v0.6.4
   Compiling num-traits v0.2.19
   Compiling const-random v0.1.18
   Compiling concurrent-queue v2.5.0
   Compiling tracing v0.1.44
   Compiling thread_local v1.1.9
   Compiling event-listener v5.4.1
   Compiling typeid v1.0.3
   Compiling uuid v1.12.1
   Compiling fastrand v2.3.0
   Compiling futures-io v0.3.32
   Compiling event-listener-strategy v0.5.4
   Compiling futures-lite v2.6.1
   Compiling downcast-rs v1.2.1
   Compiling disqualified v1.0.0
   Compiling bevy_ptr v0.15.3
   Compiling async-task v4.7.1
   Compiling async-channel v2.5.0
   Compiling strsim v0.11.1
   Compiling fixedbitset v0.4.2
   Compiling itoa v1.0.17
   Compiling erased-serde v0.4.10
   Compiling unicode-segmentation v1.12.0
   Compiling petgraph v0.6.5
   Compiling nix v0.31.2
   Compiling fixedbitset v0.5.7
   Compiling simd-adler32 v0.3.8
   Compiling scopeguard v1.2.0
   Compiling nonmax v0.5.5
   Compiling async-executor v1.14.0
   Compiling lock_api v0.4.14
   Compiling parking_lot_core v0.9.12
   Compiling bevy_tasks v0.15.3
   Compiling ctrlc v3.5.2
   Compiling aho-corasick v1.1.4
   Compiling itertools v0.14.0
   Compiling crossbeam-epoch v0.9.18
   Compiling static_assertions v1.1.0
   Compiling regex-syntax v0.8.10
   Compiling crossbeam-deque v0.8.6
   Compiling parking_lot v0.12.5
   Compiling wasm-bindgen-shared v0.2.114
   Compiling errno v0.3.14
   Compiling castaway v0.2.4
   Compiling ryu v1.0.23
   Compiling adler2 v2.0.1
   Compiling signal-hook-registry v1.4.8
   Compiling rayon-core v1.13.0
   Compiling miniz_oxide v0.8.9
   Compiling compact_str v0.9.0
   Compiling bevy_macro_utils v0.15.3
   Compiling regex-automata v0.4.14
   Compiling wasm-bindgen-macro-support v0.2.114
   Compiling darling_core v0.23.0
   Compiling unicode-width v0.2.2
   Compiling signal-hook v0.3.18
   Compiling convert_case v0.10.0
   Compiling num-integer v0.1.46
   Compiling mio v1.1.1
   Compiling anstyle v1.0.13
   Compiling signal-hook-mio v0.2.5
   Compiling num-bigint v0.4.6
   Compiling unicode-truncate v2.0.1
   Compiling rayon v1.11.0
   Compiling zerocopy-derive v0.8.42
   Compiling serde_derive v1.0.228
   Compiling bytemuck_derive v1.10.2
   Compiling bytemuck v1.25.0
   Compiling zerocopy v0.8.42
   Compiling derive_more-impl v1.0.0
   Compiling bevy_utils_proc_macros v0.15.3
   Compiling thiserror-impl v2.0.18
   Compiling bevy_reflect_derive v0.15.3
   Compiling assert_type_match v0.1.1
   Compiling bevy_ecs_macros v0.15.3
   Compiling bevy_derive v0.15.3
   Compiling thiserror v2.0.18
   Compiling equator-macro v0.4.2
   Compiling wasm-bindgen-macro v0.2.114
   Compiling serde v1.0.228
   Compiling darling_macro v0.23.0
   Compiling smol_str v0.2.2
   Compiling strum_macros v0.27.2
   Compiling equator v0.4.2
   Compiling profiling-procmacros v1.0.17
   Compiling aligned-vec v0.6.4
   Compiling darling v0.23.0
   Compiling profiling v1.0.17
   Compiling wasm-bindgen v0.2.114
   Compiling kasuari v0.4.11
   Compiling derive_more-impl v2.1.1
   Compiling lru v0.16.3
   Compiling stable_deref_trait v1.2.1
   Compiling linux-raw-sys v0.12.1
   Compiling derive_more v1.0.0
   Compiling utf8parse v0.2.2
   Compiling powerfmt v0.2.0
   Compiling rustix v1.1.4
   Compiling anstyle-parse v0.2.7
   Compiling deranged v0.5.8
   Compiling as-slice v0.2.1
   Compiling v_frame v0.3.9
   Compiling derive_more v2.1.1
   Compiling instability v0.3.11
   Compiling num-rational v0.4.2
   Compiling thiserror-impl v1.0.69
   Compiling ppv-lite86 v0.2.21
   Compiling ahash v0.8.12
   Compiling hashbrown v0.14.5
   Compiling half v2.7.1
   Compiling rand_chacha v0.3.1
   Compiling anyhow v1.0.102
   Compiling rand v0.8.5
   Compiling strum v0.27.2
   Compiling itertools v0.13.0
   Compiling ratatui-core v0.1.0
   Compiling libloading v0.8.9
   Compiling bevy_utils v0.15.3
   Compiling colorchoice v1.0.4
   Compiling foldhash v0.1.5
   Compiling anstyle-query v1.1.5
   Compiling lazy_static v1.5.0
   Compiling termcolor v1.4.1
   Compiling unicode-width v0.1.14
   Compiling num_threads v0.1.7
   Compiling bit-vec v0.8.0
   Compiling time-core v0.1.8
   Compiling is_terminal_polyfill v1.70.2
   Compiling num-conv v0.2.0
   Compiling bit-set v0.8.0
   Compiling anstream v0.6.21
   Compiling thiserror v1.0.69
   Compiling glam v0.29.3
   Compiling rand_distr v0.4.3
   Compiling time v0.3.47
   Compiling codespan-reporting v0.11.1
   Compiling sharded-slab v0.1.7
   Compiling hashbrown v0.15.5
   Compiling crossterm v0.29.0
   Compiling js-sys v0.3.91
   Compiling crc32fast v1.5.0
   Compiling aligned v0.4.3
   Compiling matchers v0.2.0
   Compiling arg_enum_proc_macro v0.3.4
   Compiling tracing-log v0.2.0
   Compiling core2 v0.4.0
   Compiling nom v8.0.0
   Compiling crossbeam-channel v0.5.15
   Compiling gpu-alloc-types v0.3.0
   Compiling line-clipping v0.3.5
   Compiling gpu-descriptor-types v0.2.0
   Compiling spirv v0.3.0+sdk-1.3.268.0
   Compiling hexf-parse v0.2.1
   Compiling futures-task v0.3.32
   Compiling rustc-hash v1.1.0
   Compiling nu-ansi-term v0.50.3
   Compiling y4m v0.8.0
   Compiling quick-error v2.0.1
   Compiling futures-util v0.3.32
   Compiling av-scenechange v0.14.1
   Compiling gpu-descriptor v0.3.2
   Compiling tracing-subscriber v0.3.22
   Compiling ratatui-widgets v0.3.0
   Compiling naga v23.1.0
   Compiling gpu-alloc v0.6.0
   Compiling bitstream-io v4.9.0
   Compiling av1-grain v0.2.5
   Compiling flate2 v1.1.9
   Compiling zmij v1.0.21
   Compiling khronos-egl v6.0.0
   Compiling ash v0.38.0+1.3.281
   Compiling maybe-rayon v0.1.1
   Compiling regex v1.12.3
   Compiling fax_derive v0.2.0
   Compiling num-derive v0.4.2
   Compiling bevy_reflect v0.15.3
   Compiling simd_helpers v0.1.0
   Compiling wgpu-types v23.0.0
   Compiling weezl v0.1.12
   Compiling zune-core v0.5.1
   Compiling raw-window-handle v0.6.2
   Compiling const-fnv1a-hash v1.1.0
   Compiling tap v1.0.1
   Compiling glow v0.14.2
   Compiling new_debug_unreachable v1.0.6
   Compiling renderdoc-sys v1.1.0
   Compiling clap_lex v1.0.0
   Compiling imgref v1.12.0
   Compiling clap_builder v4.5.60
   Compiling web-sys v0.3.91
   Compiling wasm-bindgen-futures v0.4.64
   Compiling loop9 v0.1.5
   Compiling rav1e v0.8.1
   Compiling wyz v0.5.1
   Compiling zune-jpeg v0.5.13
   Compiling fax v0.2.6
   Compiling serde_json v1.0.149
   Compiling ratatui-macros v0.7.0
   Compiling radium v0.7.0
   Compiling ratatui-crossterm v0.1.0
   Compiling console_error_panic_hook v0.1.7
   Compiling clap_derive v4.5.55
   Compiling beamterm-data v0.10.0
   Compiling bevy_ecs v0.15.4
   Compiling bevy_math v0.15.3
   Compiling zune-inflate v0.2.54
   Compiling fdeflate v0.3.7
   Compiling avif-serialize v0.8.8
   Compiling linux-raw-sys v0.4.15
   Compiling lebe v0.5.3
   Compiling bit_field v0.10.3
   Compiling byteorder-lite v0.1.0
   Compiling rgb v0.8.53
   Compiling color_quant v1.1.0
   Compiling pxfm v0.1.28
   Compiling funty v2.0.0
   Compiling bitvec v1.0.1
   Compiling ravif v0.13.0
   Compiling moxcms v0.8.1
   Compiling gif v0.14.1
   Compiling beamterm-renderer v0.10.0
   Compiling image-webp v0.2.4
   Compiling wgpu-hal v23.0.1
   Compiling bevy_app v0.15.3
   Compiling exr v1.74.0
   Compiling bevy_core v0.15.3
   Compiling bevy_hierarchy v0.15.3
   Compiling bevy_time v0.15.3
   Compiling bevy_input v0.15.3
   Compiling bevy_diagnostic v0.15.3
   Compiling bevy_transform v0.15.3
   Compiling bevy_log v0.15.3
   Compiling wgpu-core v23.0.1
   Compiling rustix v0.38.44
   Compiling bevy_internal v0.15.3
   Compiling png v0.18.1
   Compiling clap v4.5.60
   Compiling ratatui v0.30.0
   Compiling tiff v0.11.3
   Compiling env_filter v1.0.0
   Compiling qoi v0.4.1
   Compiling rand_xorshift v0.3.0
   Compiling jiff v0.2.23
   Compiling noise v0.9.0
   Compiling ratzilla v0.3.0
   Compiling image v0.25.10
   Compiling crossterm v0.28.1
   Compiling bevy v0.15.3
   Compiling comfy-table v7.2.2
   Compiling strum_macros v0.26.4
   Compiling pollster v0.3.0
   Compiling strum v0.26.3
   Compiling ciborium-io v0.2.2
   Compiling predicates-core v1.0.10
   Compiling plotters-backend v0.3.7
   Compiling wgpu v23.0.1
   Compiling plotters-svg v0.3.7
   Compiling ciborium-ll v0.2.2
   Compiling itertools v0.10.5
   Compiling same-file v1.0.6
   Compiling env_logger v0.11.9
   Compiling cast v0.3.0
   Compiling termtree v0.5.1
   Compiling walkdir v2.5.0
   Compiling predicates-tree v1.0.13
   Compiling ciborium v0.2.2
   Compiling mockall_derive v0.13.1
   Compiling plotters v0.3.7
   Compiling criterion-plot v0.5.0
   Compiling predicates v3.1.4
   Compiling tinytemplate v1.2.1
   Compiling is-terminal v0.4.17
   Compiling oorandom v11.1.5
   Compiling scale v0.1.0 (/app)
   Compiling downcast v0.11.0
   Compiling fragile v2.0.1
   Compiling anes v0.1.6
   Compiling assert_approx_eq v1.1.0
   Compiling criterion v0.5.1
   Compiling mockall v0.13.1
    Finished `test` profile [unoptimized + debuginfo] target(s) in 3m 54s
     Running unittests src/lib.rs (target/debug/deps/scale-368bc37797504942)

running 1540 tests
test experimental::bioluminescent_trails::tests::test_trail_fades_and_despawns ... ok
test experimental::bioluminescent_trails::tests::test_no_spawn_low_morale ... ok
test experimental::bioluminescent_trails::tests::test_max_trails_per_tile ... ok
test experimental::bioluminescent_trails::tests::test_spawn_trail_high_morale ... ok
test experimental::emotional_weather::tests::test_emotional_weather_no_change_on_average_morale ... ok
test experimental::echo_chamber::tests::test_detect_echo_chamber ... ok
test experimental::emotional_weather::tests::test_emotional_weather_clear_on_high_morale ... ok
test experimental::echo_chamber::tests::test_apply_echo_chamber ... ok
test experimental::emotional_weather::tests::test_emotional_weather_storm_on_low_morale ... ok
test experimental::genetic_memory::tests::test_absorb_genetic_memory ... ok
test experimental::genetic_memory::tests::test_inherit_genetic_memory ... ok
test experimental::psychic_resonance::tests::test_psychic_resonance_negative ... ok
test experimental::psychic_resonance::tests::test_non_psychic_ignores_resonance ... ok
test experimental::fungal_death::tests::test_corpse_spawns_sapling ... ok
test experimental::sympathetic_architecture::tests::test_sympathetic_architecture_damages_buildings ... ok
test experimental::psychic_resonance::tests::test_psychic_resonance_positive ... ok
test experimental::synesthesia::tests::test_synesthesia_system_blue_light ... ok
test experimental::synesthesia::tests::test_synesthesia_system_ignores_non_synesthetes ... ok
test experimental::synesthesia::tests::test_synesthesia_system_red_light ... ok
test experimental::synesthesia::tests::test_synesthesia_system_out_of_range ... ok
test gpu::buffers::tests::test_extract_global_state ... ok
test gpu::buffers::tests::test_extract_pop_inputs ... ok
test gpu::buffers::tests::test_extract_building_inputs ... ok
test gpu::buffers::tests::test_gpu_global_state_size ... ok
test gpu::buffers::tests::test_gpu_building_input_size ... ok
test gpu::buffers::tests::test_extract_drafted_status ... ok
test gpu::buffers::tests::test_gpu_pop_decision_size ... ok
test gpu::buffers::tests::test_extract_fauna_as_targets ... ok
test gpu::evaluate::tests::test_action_type_from_u32_roundtrip ... ok
test gpu::buffers::tests::test_gpu_pop_input_size ... ok
test gpu::evaluate::tests::test_gpu_evaluate_noop_without_context ... ok
test layer1::access_control::tests::test_default_door_is_public ... ok
test gpu::evaluate::tests::test_gpu_evaluate_noop_no_pops ... ok
test layer1::access_control::tests::test_biometric_allow_list ... ok
test layer1::access_control::tests::test_lockdown_blocks_everyone ... ok
test layer1::access_control::tests::test_pathfinding_integration ... ok
test layer1::access_control::tests::test_role_based_access ... ok
test layer1::acoustic::tests::test_noise_affects_rest_recovery ... ok
test layer1::acoustic::tests::test_noise_map_initialization ... ok
test layer1::acoustic::tests::test_noise_damping_by_trees ... ok
test layer1::acoustic::tests::test_noise_source_propagation ... ok
test layer1::acoustic::tests::test_noise_damping_by_terrain ... ok
test layer1::ad_screen::tests::test_ad_screen_generates_credits_and_inflates_needs ... ok
test layer1::acoustic_shadow_tests::tests::test_vacuum_blocks_noise ... ok
test layer1::acoustic_shadow_tests::tests::test_sound_flanks_vacuum ... ok
test layer1::ad_screen::tests::test_ad_screen_ignores_pops_out_of_range ... ok
test layer1::addiction::tests::test_addiction_starts_after_surgery_if_transhumanist ... ok
test layer1::addiction::tests::test_addiction_starts_if_many_augmentations ... ok
test layer1::addiction::tests::test_self_surgery_triggers_at_zero_craving ... ok
test layer1::admin::tests::test_admin_efficiency_penalty ... ok
test layer1::admin::tests::test_zero_demand_handling ... ok
test layer1::admin::tests::test_admin_stats_calculation ... ok
test layer1::ai_core::tests::test_ai_core_building_type ... ok
test layer1::addiction::tests::test_addiction_decay_lowers_mood ... ok
test layer1::ai_core::tests::test_auto_lockdown_on_raid ... ok
test layer1::ai_core::tests::test_auto_power_management_low_battery ... ok
test layer1::ancestral_graves::tests::test_building_over_grave_causes_sacrilege ... ok
test layer1::ai_core::tests::test_rogue_state_trigger_low_hp ... ok
test layer1::ancestral_graves::tests::test_grave_provides_mood_buff_to_visitor ... ok
test layer1::ai_core::tests::test_rogue_behavior_random_lockdown ... ok
test layer1::art::tests::test_art_captures_chronicle_event ... ok
test layer1::art::tests::test_observing_art_distance_limit ... ok
test layer1::art::tests::test_art_fallback_if_chronicle_empty ... ok
test layer1::art::tests::test_observing_art_gives_memory_buff ... ok
test layer1::art::tests::test_statue_gains_art_component ... ok
test layer1::beauty::tests::test_beauty_emission_from_source ... ok
test layer1::artifacts::tests::test_artifact_aura_application ... ok
test layer1::beauty::tests::test_beauty_grid_resource_defaults ... ok
test layer1::artifacts::tests::test_artifact_aura_removal_when_out_of_range ... ok
test layer1::beauty::tests::test_beauty_satisfies_leisure ... ok
test layer1::beauty::tests::test_negative_beauty_decreases_leisure ... ok
test layer1::beauty::tests::test_negative_beauty_from_trash ... ok
test layer1::beauty::tests::test_waste_emits_negative_beauty ... ok
test layer1::beauty::tests::test_flower_bed_has_beauty_source ... ok
test layer1::bio_acoustic::tests::test_flora_emits_negative_screech_on_low_colony_mood ... ok
test layer1::biocompatibility::tests::test_biocompatibility_component_default ... ok
test layer1::biocompatibility::tests::test_high_biocompatibility_resists_hazard ... ok
test layer1::bio_acoustic::tests::test_flora_emits_positive_chorus_on_high_colony_mood ... ok
test layer1::biocompatibility::tests::test_traits_modify_biocompatibility ... ok
test layer1::biocompatibility::tests::test_low_biocompatibility_takes_damage ... ok
test layer1::biocompatibility::tests::test_weak_immunity_safe_in_clean_air ... ok
test layer1::bio_acoustic::tests::test_flora_does_not_emit_out_of_range ... ok
test layer1::biography::tests::test_biography_initialization ... ok
test layer1::black_market::tests::test_smuggler_increases_corruption ... ok
test layer1::black_market::tests::test_unmet_needs_spawn_smugglers ... ok
test layer1::biography::tests::test_biography_records_assignment ... ok
test layer1::blob::tests::test_blob_blocked_by_walls ... ok
test layer1::blob::tests::test_blob_eats_items ... ok
test layer1::blob::tests::test_blob_damages_buildings ... ok
test layer1::building::seasonal_tests::test_seasonal_immunity ... ok
test layer1::biography::tests::test_biography_prevents_duplicate_events ... ok
test layer1::building::shift_tests::test_shift_active_during_day ... ok
test layer1::building::shift_tests::test_shift_active_during_night ... ok
test layer1::building::shift_tests::test_shift_active_always ... ok
test layer1::blob::tests::test_blob_spreads_to_empty_tile ... ok
test layer1::building::shift_tests::test_shift_schedule_default ... ok
test layer1::building::tests::test_build_mode_cursor_movement ... ok
test layer1::building::tests::test_build_mode_default ... ok
test layer1::building::tests::test_build_mode_toggle ... ok
test layer1::building::tests::test_build_mode_type_cycling ... ok
test layer1::building::tests::test_building_component_creation ... ok
test layer1::building::tests::test_ancient_reactor_has_machine_spirit ... ok
test layer1::building::tests::test_build_on_tree ... ok
test layer1::building::tests::test_building_has_position ... ok
test layer1::building::tests::test_building_type_default ... ok
test layer1::building::tests::test_building_over_grave_fails_if_cannot_afford ... ok
test layer1::building::tests::test_building_over_grave_causes_sacrilege ... ok
test layer1::building::tests::test_building_type_labels ... ok
test layer1::building::tests::test_can_afford_failure ... ok
test layer1::building::tests::test_building_type_next ... ok
test layer1::building::tests::test_can_afford_success ... ok
test layer1::building::tests::test_can_place_on_grass ... ok
test layer1::building::tests::test_cannot_place_on_occupied ... ok
test layer1::building::tests::test_cannot_place_on_rock ... ok
test layer1::building::tests::test_cannot_place_on_water ... ok
test layer1::building::tests::test_cannot_place_out_of_bounds ... ok
test layer1::building::tests::test_housing_cost ... ok
test layer1::building::tests::test_farm_cost ... ok
test layer1::building::tests::test_occupied_tiles_insertion ... ok
test layer1::building::tests::test_occupied_tiles_default ... ok
test layer1::building::tests::test_place_building_failure_water ... ok
test layer1::building::tests::test_place_building_adds_structure ... ok
test layer1::building::tests::test_place_building_log_messages ... ok
test layer1::building::tests::test_place_building_success ... ok
test layer1::building::tests::test_place_farm_adds_farm_component ... ok
test layer1::building::tests::test_place_gate_adds_gate_component ... ok
test layer1::building::tests::test_place_housing_adds_housing_component ... ok
test layer1::building::tests::test_try_place_building_fails_insufficient_funds ... ok
test layer1::building::tests::test_place_stockpile_adds_stockpile_component ... ok
test layer1::building::tests::test_try_place_building_deducts_resources ... ok
test layer1::cabin_fever::tests::test_beauty_grid_boundary_check ... ok
test layer1::cabin_fever::tests::test_cabin_fever_affects_morale ... ok
test layer1::cabin_fever::tests::test_confinement_relief ... ok
test layer1::cabin_fever::tests::test_confinement_accumulation ... ok
test layer1::cabin_fever::tests::test_crowding_exact_threshold ... ok
test layer1::cabin_fever::tests::test_crowding_accumulation ... ok
test layer1::cabin_fever::tests::test_high_fever_triggers_break ... ok
test layer1::cabin_fever::tests::test_crowding_relief ... ok
test layer1::cabin_fever::tests::test_total_stress_cap ... ok
test layer1::cabin_fever::tests::test_high_beauty_negates_confinement ... ok
test layer1::cabin_fever::tests::test_out_of_bounds_confinement_relief ... ok
test layer1::chemical::tests::test_chemical_state_default ... ok
test layer1::chemical::tests::test_active_effect_expiration ... ok
test layer1::chemical::tests::test_evaluate_consume_chemical_needs ... ok
test layer1::chemical::tests::test_consume_stim_adds_effect ... ok
test layer1::chemical::tests::test_evaluate_consume_chemical_stress ... ok
test layer1::chemical::tests::test_evaluate_consume_chemical_withdrawal ... ok
test layer1::chemical::tests::test_addiction_buildup ... ok
test layer1::chemical::tests::test_sedative_stress_reduction ... ok
test layer1::chemical::tests::test_stim_effect_modifies_speed ... ok
test layer1::chemical::tests::test_stim_health_damage ... ok
test layer1::chemical::tests::test_withdrawal_triggers ... ok
test layer1::chronicle::tests::test_building_tracker_default ... ok
error: XDG_RUNTIME_DIR is invalid or not set in the environment.
test layer1::chronicle::tests::test_check_milestones_system_only_once ... ok
test layer1::chronicle::tests::test_check_milestones_system_housing ... ok
test layer1::chronicle::tests::test_check_milestones_system_farm ... ok
test layer1::chronicle::tests::test_chronicle_add_event ... ok
test layer1::chronicle::tests::test_chronicle_default ... ok
test layer1::chronicle::tests::test_chronicle_event_creation ... ok
test layer1::chronicle::tests::test_chronicle_ui_state_default ... ok
test layer1::chronicle::tests::test_chronicle_ui_state_toggle ... ok
test layer1::chronicle::tests::test_chronicle_year_calculation ... ok
test layer1::chronicle::tests::test_event_importance_variants ... ok
test layer1::chronicle::tests::test_format_event_prefix ... ok
test layer1::civic_ideology::tests::test_industrialist_happiness_with_high_materials ... ok
test layer1::civic_ideology::tests::test_survivalist_anger_with_low_food ... ok
test layer1::civic_ideology::tests::test_survivalist_happiness_with_abundant_food ... ok
test layer1::civic_ideology::tests::test_technocratic_happiness_with_high_knowledge ... ok
test layer1::clone_vat::tests::test_clone_trait_behavior ... ok
test layer1::clone_vat::tests::test_clone_completion_spawns_pop ... ok
test layer1::chronicle::tests::test_initial_chronicle_event ... ok
test layer1::clone_vat::tests::test_clone_vat_consumes_resources_to_start ... ok
test layer1::clone_vat::tests::test_clone_vat_requires_power ... ok
test layer1::clothing::tests::test_clothing_breaks ... ok
test layer1::clothing::tests::test_clothing_component ... ok
test layer1::clone_vat::tests::test_clone_vat_needs_rations ... ok
test layer1::clone_vat::tests::test_progress_decrement ... ok
test layer1::clothing::tests::test_clothing_degrades_on_wearer ... ok
test layer1::clothing::tests::test_equipment_has_body_slot ... ok
test layer1::clutter::tests::test_clutter_accumulation_movement ... ok
test layer1::clutter::tests::test_clutter_grid_initialization ... ok
test layer1::clutter::tests::test_clutter_accumulation_work ... ok
test layer1::clutter::tests::test_clutter_impact_on_pathfinding_cost ... ok
test layer1::clutter::tests::test_clutter_impact_on_beauty ... ok
test layer1::clutter::tests::test_janitor_clean_action ... ok
test layer1::combat::tests::test_attack_cooldown ... ok
test layer1::combat::tests::test_combat_cooldown_system ... ok
test layer1::combat::tests::test_execute_attack_applies_hit_stop_on_heavy_hit ... ok
test layer1::combat::tests::test_draft_toggle_overrides_behavior ... ok
test layer1::combat::tests::test_execute_attack_auto_initializes_combat_state ... ok
test layer1::combat::tests::test_execute_attack_hit_stop_scaling_light ... ok
test layer1::combat::tests::test_execute_attack_hit_stop_scaling_medium ... ok
test layer1::combat::tests::test_hit_stop_system_flow ... ok
test layer1::combat::tests::test_pop_uses_equipped_weapon ... ok
test layer1::combat::tests::test_weapon_properties ... ok
test layer1::combat::tests::test_undrafted_pop_flees_or_ignores ... ok
test layer1::constellations::tests::test_sky_generation ... ok
test layer1::constellations::tests::test_sky_rotation ... ok
test layer1::construction::great_works::tests::test_great_work_advances_multiple_phases_correctly ... ok
test layer1::construction::great_works::tests::test_great_work_advances_phase_when_progress_filled ... ok
test layer1::construction::great_works::tests::test_great_work_completion_emits_event ... ok
test layer1::construction::great_works::tests::test_great_work_completion_triggers_buff ... ok
test layer1::construction::great_works::tests::test_great_work_initializes_in_phase_one ... ok
test layer1::contagion::tests::test_contagion_cooldown ... ok
test layer1::contagion::tests::test_emotional_contagion_range_limit ... ok
test layer1::contagion::tests::test_emotional_contagion_spreads_joy ... ok
test layer1::contagion::tests::test_emotional_contagion_spreads_terror ... ok
test layer1::contraband::tests::test_banning_resource ... ok
test layer1::contraband::tests::test_possession_crime_trigger ... ok
test layer1::crowding::tests::test_crowding_decays_over_time ... ok
test layer1::crowding::tests::test_crowding_grid_initialization ... ok
test layer1::crowding::tests::test_crowding_increases_on_traversal ... ok
test layer1::crowding::tests::test_pathfinding_avoids_crowded_tiles ... ok
test layer1::cryo_dreams::tests::test_creative_trait_boosts_dreams ... ok
test layer1::constellations::tests::test_observe_constellation_buff ... ok
test layer1::clutter::tests::test_cleaning_spawns_scrap ... ok
test layer1::cryo_dreams::tests::test_trauma_affects_waking ... ok
test layer1::cryo_shock::tests::test_cryo_shock_applied_on_spawn ... ok
test layer1::cryo_shock::tests::test_cryo_shock_applies_debuffs ... ok
test layer1::cryo_shock::tests::test_cryo_shock_duration_decays ... ok
test layer1::cryo_shock::tests::test_cryo_shock_removed ... ok
test layer1::cryo_dreams::tests::test_cryo_pop_generates_knowledge ... ok
test layer1::cryo_tests::test_cryo_sickness_decays ... ok
test layer1::cryo_tests::test_enter_cryo_applies_component ... ok
test layer1::cryo_tests::test_enter_cryo_cancels_action ... ok
test layer1::cryo_tests::test_exit_cryo_applies_sickness ... ok
test layer1::cryo_tests::test_cryo_stasis_halts_need_decay ... ok
test layer1::customs::tests::test_interception_logic ... ok
test layer1::customs::tests::test_new_visitor_is_pending ... ok
test layer1::customs::tests::test_vetting_process_success ... ok
test layer1::customs::tests::test_vetting_reveals_traits ... ok
test layer1::cybernetics::tests::test_augmentation_affects_stats ... ok
test layer1::cybernetics::tests::test_augmentation_social_penalty ... ok
test layer1::cybernetics::tests::test_augmentations_component_exists ... ok
test layer1::cybernetics::tests::test_prosthetic_component_defaults ... ok
test layer1::day_night::tests::test_all_phases_and_light_levels ... ok
test layer1::cybernetics::tests::test_surgery_installs_prosthetic ... ok
test layer1::day_night::tests::test_ambient_light_update ... ok
test layer1::day_night::tests::test_circadian_rhythm_rest_decay ... ok
test layer1::day_night::tests::test_cycle_progression ... ok
test layer1::day_night::tests::test_day_increment ... ok
test layer1::day_night::tests::test_initialization ... ok
test layer1::defense::tests::test_access_control_overrides_obstacle ... ok
test layer1::defense::tests::test_gate_is_obstacle_only_when_locked ... ok
test layer1::defense::tests::test_is_walkable_out_of_bounds ... ok
test layer1::defense::tests::test_is_walkable_out_of_bounds_positive ... ok
test layer1::defense::tests::test_movement_allowed_through_open_gate ... ok
test layer1::defense::tests::test_normal_buildings_are_obstacles ... ok
test layer1::defense::tests::test_movement_blocked_by_wall ... ok
test layer1::defense::tests::test_wall_is_obstacle ... ok
test layer1::cryo_dreams::tests::test_nightmare_acquisition ... ok
test layer1::designation::test_can_designate_clear_flora ... ok
test layer1::designation::tests::test_can_designate_chop_invalid ... ok
test layer1::designation::tests::test_can_designate_chop_valid ... ok
test layer1::designation::tests::test_can_designate_demolish_invalid ... ok
test layer1::designation::tests::test_can_designate_demolish_valid ... ok
test layer1::designation::tests::test_can_designate_mine_invalid ... ok
test layer1::designation::tests::test_can_designate_mine_valid ... ok
test layer1::designation::tests::test_cancel_designation ... ok
test layer1::designation::tests::test_designation_component ... ok
test layer1::designation::tests::test_designation_mode_default ... ok
test layer1::designation::tests::test_designation_mode_toggle ... ok
test layer1::designation::tests::test_designation_type_as_str ... ok
test layer1::designation::tests::test_designation_type_char ... ok
test layer1::designation::tests::test_designation_type_chop ... ok
test layer1::designation::tests::test_designation_type_variants ... ok
test layer1::designation::tests::test_set_zone_always_valid ... ok
test layer1::designation::tests::test_try_designate_area_mixed_valid_invalid ... ok
test layer1::designation::tests::test_try_designate_area_multi_tile_rectangle ... ok
test layer1::designation::tests::test_try_designate_area_no_valid_tiles ... ok
test layer1::designation::tests::test_try_designate_area_single_tile ... ok
test layer1::designation::tests::test_try_designate_creates_entity ... ok
test layer1::designation::tests::test_try_designate_duplicates_ignored ... ok
test layer1::direct_link::tests::test_ai_components_cleared_on_possession ... ok
test layer1::designation::test_try_designate_area_limit ... ok
test layer1::designation::test_try_designate_area_performance_smoke_test ... ok
test layer1::direct_link::tests::test_direct_movement_cooldown_blocks_spam ... ok
test layer1::direct_link::tests::test_direct_movement_diagonal_buffering ... ok
test layer1::direct_link::tests::test_direct_movement_input ... ok
test layer1::direct_link::tests::test_direct_movement_juice_collision ... ok
test layer1::direct_link::tests::test_direct_movement_juice_particles ... ok
test layer1::direct_link::tests::test_direct_movement_wall_sliding ... ok
test layer1::dreams::tests::test_cleanup_marker ... ok
test layer1::direct_link::tests::test_possession_buffs ... ok
test layer1::direct_link::tests::test_possession_toggle ... ok
test layer1::drone_tests::tests::test_drone_battery_drains ... ok
test layer1::dreams::tests::test_dream_memory_influence ... ok
test layer1::drone_tests::tests::test_drone_component_initialization ... ok
test layer1::drone_tests::tests::test_drone_charges_at_hub ... ok
test layer1::drone_tests::tests::test_drone_idle_when_no_task ... ok
test layer1::drone_tests::tests::test_drone_seeks_charge_when_low ... ok
test layer1::economy::tests::test_job_wage_configuration ... ok
test layer1::economy::tests::test_pay_wages_system ... ok
test layer1::economy::tests::test_purchase_food_fail_poverty ... ok
test layer1::economy::tests::test_purchase_food_success ... ok
test layer1::economy::tests::test_wallet_default ... ok
test layer1::edicts::tests::test_double_shifts_increases_speed_and_reduces_morale ... ok
test layer1::edicts::tests::test_pest_control_reduces_work_speed ... ok
test layer1::edicts::tests::test_policies_resource_defaults ... ok
test layer1::edicts::tests::test_rationing_reduces_hunger_decay ... ok
test layer1::edicts::tests::test_toggle_policy ... ok
test layer1::energy::auroral_tests::tests::test_auroral_collector_variant_exists ... ok
test layer1::energy::auroral_tests::tests::test_auroral_output_zero_in_clear_weather ... ok
test layer1::energy::auroral_tests::tests::test_auroral_output_high_in_magnetic_storm ... ok
test layer1::energy::blackout_tests::tests::test_blackout_cuts_power ... ok
test layer1::energy::blackout_tests::tests::test_blackout_disables_lights ... ok
test layer1::energy::auroral_tests::tests::test_other_buildings_ignored ... ok
test layer1::energy::blackout_tests::tests::test_panic_in_darkness ... ok
test layer1::energy::instability_tests::tests::test_battery_buffers_shortage ... ok
test layer1::energy::instability_tests::tests::test_battery_storage ... ok
test layer1::energy::instability_tests::tests::test_brownout_flickering ... ok
test layer1::energy::load_limits::tests::test_batteries_buffer_surges ... ok
test layer1::energy::load_limits::tests::test_cable_overload_creates_heat ... ok
test layer1::energy::load_limits::tests::test_extreme_overload_causes_fire ... ok
test layer1::energy::tests::test_grid_connectivity_connected ... ok
test layer1::dreams::tests::test_dream_system_adds_journal ... ok
test layer1::energy::tests::test_grid_connectivity_isolated ... ok
test layer1::energy::tests::test_power_components ... ok
test layer1::energy::tests::test_overload_shutdown ... ok
test layer1::energy::tests::test_quirk_stops_power_production ... ok
test layer1::equipment_tests::tests::test_clothing_component ... ok
test layer1::equipment_tests::tests::test_clothing_breaks ... ok
test layer1::equipment_tests::tests::test_clothing_degrades_on_wearer ... ok
test layer1::equipment_tests::tests::test_freezing_pop_upgrades_clothing ... ok
test layer1::equipment_tests::tests::test_equipment_has_body_slot ... ok
test layer1::equipment_tests::tests::test_handle_fetch_clothing_upgrades_to_parka ... ok
test layer1::equipment_tests::tests::test_naked_pop_wants_clothing ... ok
test layer1::equipment_tests::tests::test_thermal_damage_checks_equipment ... ok
test layer1::eureka::tests::test_check_for_eureka_emits_event ... ok
test layer1::eureka::tests::test_handle_eureka_events_unlocks_tech ... ok
test layer1::eureka::tests::test_trait_bonus ... ok
test layer1::execution::tests::arrival_tests::test_arrival_assigns_to_farm ... ok
test layer1::execution::tests::arrival_tests::test_arrival_assigns_to_hospital ... ok
test layer1::execution::tests::arrival_tests::test_arrival_assigns_to_housing ... ok
test layer1::execution::tests::arrival_tests::test_arrival_assigns_to_library ... ok
test layer1::execution::tests::combat_tests::test_combat_cleanup_on_target_despawn ... ok
test layer1::execution::tests::arrival_tests::test_arrival_farm_at_capacity ... ok
test layer1::execution::tests::combat_tests::test_combat_execution_blocked_by_hit_stop ... ok
test layer1::execution::tests::combat_tests::test_combat_execution_system_chases_out_of_range ... ok
test layer1::execution::tests::combat_tests::test_combat_removes_at_target_when_out_of_range ... ok
test layer1::execution::tests::combat_tests::test_combat_execution_system_attacks_in_range ... ok
test layer1::execution::tests::combat_tests::test_combat_unarmed_defaults ... ok
test layer1::execution::tests::combat_tests::test_combat_updates_target_position ... ok
test layer1::execution::tests::movement_tests::test_cleanup_handles_despawned_building ... ok
test layer1::execution::tests::movement_tests::test_cleanup_removes_from_farm ... ok
test layer1::execution::tests::movement_tests::test_cleanup_removes_from_housing ... ok
test layer1::execution::tests::movement_tests::test_coyote_speed_movement ... ok
test layer1::execution::tests::movement_tests::test_movement_blocked_by_water ... ok
test layer1::execution::tests::movement_tests::test_movement_blocked_by_rock ... ok
test layer1::execution::tests::movement_tests::test_movement_system_fast_walker ... ok
test layer1::execution::tests::movement_tests::test_movement_system_blocked_by_hit_stop ... ok
test layer1::execution::tests::movement_tests::test_movement_system_marks_arrival ... ok
test layer1::execution::tests::movement_tests::test_movement_system_marks_arrival_on_last_step ... ok
test layer1::execution::tests::movement_tests::test_movement_system_moves_toward_target ... ok
test layer1::execution::tests::movement_tests::test_movement_system_stuck_in_greedy_corner ... ok
test layer1::execution::tests::movement_tests::test_process_start_plan_creates_movement_target ... ok
test layer1::execution::tests::movement_tests::test_movement_with_speed_penalty ... ok
test layer1::execution::tests::movement_tests::test_process_start_plan_handles_despawned_target ... ok
test layer1::execution::tests::movement_tests::test_process_start_plan_removes_itself ... ok
test layer1::execution::tests::work_tests::test_calculate_work_amount_cap ... ok
test layer1::execution::tests::work_tests::test_work_execution_calls_chop_tree ... ok
test layer1::execution::tests::work_tests::test_work_execution_augmentation_bonus ... ok
test layer1::execution::tests::work_tests::test_work_execution_calls_mine_rock ... ok
test layer1::execution::tests::work_tests::test_work_execution_cleans_up_stale_target ... ok
test layer1::execution::tests::work_tests::test_work_execution_efficiency_high_morale ... ok
test layer1::execution::tests::work_tests::test_work_execution_completes_mining ... ok
test layer1::execution::tests::work_tests::test_work_execution_efficiency_low_morale ... ok
test layer1::execution::tests::work_tests::test_work_execution_gains_xp ... ok
test layer1::execution::tests::work_tests::test_work_execution_resets_pop_on_completion ... ok
test layer1::execution::tests::work_tests::test_work_execution_skills_mining_efficiency ... ok
test layer1::execution_demolish_test::tests::test_demolish_execution_removes_building_and_designation ... ok
test layer1::faction_demands_tests::tests::test_demand_timeout_triggers_strike ... ok
test layer1::faction_demands_tests::tests::test_evaluate_actions_skips_work_when_striking ... ok
test layer1::faction_demands_tests::tests::test_faction_state_defaults_to_loyal ... ok
test layer1::faction_demands_tests::tests::test_generate_demand_on_low_satisfaction ... ok
test layer1::faction_demands_tests::tests::test_meeting_demand_resolves_strike ... ok
test layer1::faction_demands_tests::tests::test_strike_overrides_work_utility ... ok
test layer1::factions::tests::test_policy_affects_satisfaction ... ok
test layer1::factions::tests::test_faction_member_counts ... ok
test layer1::factions::tests::test_pop_changes_faction_on_skill_change ... ok
test layer1::factions::tests::test_tie_breaking_deterministic ... ok
test layer1::factions::tests::test_pop_joins_highest_skill_faction ... ok
test layer1::farm::tests::test_change_crop_selection ... ok
test layer1::factions::tests::test_unaligned_faction ... ok
test layer1::farm::tests::test_consume_food_adds_dietary_history ... ok
test layer1::farm::tests::test_consume_food_picks_active_crop ... ok
test layer1::farm::tests::test_consume_food_rations_immunity ... ok
test layer1::farm::tests::test_consume_food_rations_mood_penalty ... ok
test layer1::farm::tests::test_farm_default ... ok
test layer1::farm::tests::test_farm_has_selected_crop ... ok
test layer1::farm::tests::test_consume_food_system ... ok
test layer1::farm::tests::test_produce_food_multiple_workers ... ok
test layer1::farm::tests::test_produce_food_potato_winter_resistance ... ok
test layer1::farm::tests::test_produce_food_system ... ok
test layer1::farm::tests::test_produce_food_system_skills_efficiency ... ok
test layer1::farm::tests::test_produce_food_system_skills_xp ... ok
test layer1::farm::tests::test_produce_food_wheat_yield ... ok
test layer1::fauna::tests::test_fauna_attacks_adjacent_target ... ok
test layer1::fauna::tests::test_fauna_ignores_target_out_of_range ... ok
test layer1::fauna::tests::test_fauna_detects_target_in_range ... ok
test layer1::fauna::tests::test_fauna_loses_target ... ok
test layer1::fauna::tests::test_fauna_sets_movement_target ... ok
test layer1::fauna::tests::test_fauna_spawn_defaults ... ok
test layer1::fauna_modular_tests::tests::test_fauna_body_generation_from_seed ... ok
test layer1::fauna_modular_tests::tests::test_fauna_stats_aggregation ... ok
test layer1::fauna_modular_tests::tests::test_husbandry_resource_check ... ok
test layer1::fauna_modular_tests::tests::test_legacy_fauna_type_mapping ... ok
test layer1::festivals::tests::test_apply_festival_morale_effect ... ok
test layer1::festivals::tests::test_check_for_festivals_ignores_minor_events ... ok
test layer1::festivals::tests::test_check_for_festivals_anniversary ... ok
test layer1::festivals::tests::test_check_for_festivals_no_events ... ok
test layer1::festivals::tests::test_festival_ends_after_duration ... ok
test layer1::festivals::tests::test_festival_state_default ... ok
test layer1::flora::tests::test_bioluminescent_flora_emits_light_at_night ... ok
test layer1::flora::tests::test_bioluminescent_flora_dormant_during_day ... ok
test layer1::energy::instability_tests::tests::test_overload_damage ... ok
test layer1::flora::tests::test_bioluminescent_flora_no_op_during_day_if_no_light ... ok
test layer1::flora::tests::test_flora_component_defaults ... ok
test layer1::flora::tests::test_bioluminescent_flora_retains_light_at_night ... ok
test layer1::flora::tests::test_flora_does_not_spread_on_occupied_tile ... ok
test layer1::flora::tests::test_flora_damages_building_on_same_tile ... ok
test layer1::fuel_consumption_tests::tests::test_fuel_consumption_failure_no_fuel ... ok
test layer1::flora::tests::test_process_flora_clearing ... ok
test layer1::flora::tests::test_flora_spreads_to_adjacent_tile ... ok
test layer1::fuel_consumption_tests::tests::test_fuel_consumption_reactivation ... ok
test layer1::fuel_consumption_tests::tests::test_fuel_consumption_inactive_remains_inactive_no_fuel ... ok
test layer1::fuel_industry_tests::tests::test_add_fuel_clamps_to_max ... ok
test layer1::fuel_consumption_tests::tests::test_power_source_default_active ... ok
test layer1::fuel_industry_tests::tests::test_building_type_refinery ... ok
test layer1::fuel_consumption_tests::tests::test_fuel_consumption_success ... ok
test layer1::fuel_industry_tests::tests::test_resources_fuel_fields ... ok
test layer1::funeral::tests::test_burial_grants_closure ... ok
test layer1::fuel_industry_tests::tests::test_refining_ore_to_fuel ... ok
test layer1::fuel_industry_tests::tests::test_refining_stops_if_insufficient_ore ... ok
test layer1::funeral::tests::test_corpse_decay_causes_grief ... ok
test layer1::funeral::tests::test_death_spawns_corpse ... ok
test layer1::gastronomy::tests::test_apply_meal_effect_none ... ok
test layer1::funeral::tests::test_grave_accepts_corpse ... ok
test layer1::gastronomy::tests::test_cookbook_recording ... ok
test layer1::gastronomy::tests::test_cooking_experiment_consumes_ingredients ... ok
test layer1::gastronomy::tests::test_buff_decay ... ok
test layer1::gastronomy::tests::test_eating_mystery_meal_applies_hallucination ... ok
test layer1::gastronomy::tests::test_eating_mystery_meal_applies_mood_boost ... ok
test layer1::gastronomy::tests::test_eating_mystery_meal_applies_poison ... ok
test layer1::gastronomy::tests::test_generate_consistent_effect ... ok
test layer1::gastronomy::tests::test_eating_mystery_meal_applies_work_speed_buff ... ok
test layer1::gene_bank::tests::test_cloning_process_fauna ... ok
test layer1::gene_bank::tests::test_cloning_process_flora ... ok
test layer1::gene_bank::tests::test_collect_flora_sample ... ok
test layer1::gene_bank::tests::test_collect_fauna_sample ... ok
test layer1::gastronomy::tests::test_hallucination_decay ... ok
test layer1::gene_bank::tests::test_gene_bank_storage ... ok
test layer1::geodetic_tests::tests::test_living_stone_in_inventory_merge ... ok
test layer1::geodetic_tests::tests::test_golem_formation ... ok
test layer1::geodetic_tests::tests::test_living_stone_heat_attraction ... FAILED
test layer1::geodetic_tests::tests::test_living_stone_migration ... ok
test layer1::geology::tests::test_earthquake_event_trigger ... ok
test layer1::geology::tests::test_seismic_grid_initialization ... ok
test layer1::geology::tests::test_earthquake_damage ... ok
test layer1::geology::tests::test_mining_increases_stress ... ok
test layer1::geology::tests::test_stress_decay ... ok
test layer1::geology_tests::tests::test_mega_quake_trigger ... ok
test layer1::geology_tests::tests::test_mining_increases_stress ... ok
test layer1::graffiti::tests::test_graffiti_map_starts_empty ... ok
test layer1::graffiti::tests::test_graffiti_decay ... ok
test layer1::geology_tests::tests::test_stress_dissipation ... ok
test layer1::graffiti::tests::test_graffiti_observation_affects_mood ... ok
test layer1::greenhouse_tests::tests::test_building_type_greenhouse_exists ... ok
test layer1::greenhouse_tests::tests::test_greenhouse_cost ... ok
test layer1::greenhouse_tests::tests::test_greenhouse_ignores_winter_penalty ... ok
test layer1::hauling::tests::test_evaluate_haul_finds_item_and_stockpile ... ok
test layer1::hauling::tests::test_evaluate_haul_generic_item ... ok
test layer1::hauling::tests::test_evaluate_haul_ignores_full_stockpiles ... ok
test layer1::hauling::tests::test_haul_action_lifecycle ... ok
test layer1::hauling::tests::test_haul_manual_system_lifecycle ... ok
test layer1::hauling::tests::test_haul_permit_to_required_building ... ok
test layer1::hauling::tests::test_resource_item_component ... ok
test layer1::hazards_tests::tests::test_amputation_event_generation ... ok
test layer1::hazards_tests::tests::test_risk_scaling_decay ... ok
test layer1::hazards_tests::tests::test_risk_scaling_skill ... ok
test layer1::hazards_tests::tests::test_severity_distribution ... ok
test layer1::health::tests::test_damage_clamped_at_zero ... ok
test layer1::health::tests::test_death_check ... ok
test layer1::health::tests::test_health_defaults ... ok
test layer1::health::tests::test_take_damage ... ok
test layer1::heirloom_items_tests::tests::test_heirloom_bonus_application ... ok
test layer1::heirloom_items_tests::tests::test_heirloom_transition ... ok
test layer1::heirloom_items_tests::tests::test_tool_history_component_defaults ... ok
test layer1::heirloom_items_tests::tests::test_work_increments_history ... ok
test layer1::heirloom_tests::tests::test_ancient_reactor_properties ... ok
test layer1::heirloom_tests::tests::test_ancient_structure_component_exists ... ok
test layer1::heirloom_tests::tests::test_ancient_structure_decay ... ok
test layer1::heirloom_tests::tests::test_repair_prevention_on_ancient_structure ... ok
test layer1::hobby::tests::test_evaluate_hobby_high_when_stressed ... ok
test layer1::hobby::tests::test_hobby_execution_reduces_stress ... ok
test layer1::graffiti::tests::test_high_mood_pop_places_inspiration ... ok
test layer1::hobby::tests::test_pop_assigned_hobby_based_on_trait ... ok
test layer1::hologram_tests::tests::test_disillusionment_shock ... ok
test layer1::hologram_tests::tests::test_hologram_adds_beauty_when_powered ... ok
test layer1::hologram_tests::tests::test_hologram_removes_beauty_when_unpowered ... ok
test layer1::housing::tests::test_clean_dead_residents_empty ... ok
test layer1::housing::tests::test_clean_dead_residents_system ... ok
test layer1::housing::tests::test_housing_add_resident ... ok
test layer1::housing::tests::test_housing_capacity_limit ... ok
test layer1::housing::tests::test_housing_component_with_building ... ok
test layer1::housing::tests::test_housing_default ... ok
test layer1::housing::tests::test_restore_rest_capped_at_one ... ok
test layer1::housing::tests::test_restore_rest_in_housing_system ... ok
test layer1::housing::tests::test_restore_rest_multiple_residents ... ok
test layer1::housing::tests::test_restore_rest_with_zone_bonus ... ok
test layer1::graffiti::tests::test_low_mood_pop_places_vandalism ... ok
test layer1::hum::tests::test_evaluate_listen_to_hum_normal_pop_ignores_it ... ok
test layer1::hum::tests::test_evaluate_listen_to_hum_sensitive_pop ... ok
test layer1::hobby::tests::test_hobby_produces_curio ... ok
test layer1::hum::tests::test_execute_listen_to_hum_system ... ok
test layer1::hum::tests::test_sensitive_trait_exists ... ok
test layer1::hum::tests::test_hum_map_propagation ... ok
test layer1::husbandry::tests::test_pasture_confinement ... ok
test layer1::husbandry::tests::test_resource_production ... ok
test layer1::husbandry::tests::test_tame_failure_aggro ... ok
test layer1::husbandry::tests::test_tame_success ... ok
test layer1::hydroponics_tests::tests::test_hydroponics_fails_without_power ... ok
test layer1::hydroponics_tests::tests::test_hydroponics_consumes_water_and_power ... ok
test layer1::hydroponics_tests::tests::test_hydroponics_fails_without_water ... ok
test layer1::hydroponics_tests::tests::test_hydroponics_production_multiplier ... ok
test layer1::hydroponics_tests::tests::test_spawn_hydroponics_components ... ok
test layer1::hygiene::tests::test_filth_accumulation_idle ... ok
test layer1::hygiene::tests::test_filth_accumulation_dirty_job ... ok
test layer1::hygiene::tests::test_hygiene_decay_from_filth ... ok
test layer1::improvised_tools_tests::tests::test_consumption_logic ... ok
test layer1::improvised_tools_tests::tests::test_efficiency_bare_hands ... ok
test layer1::improvised_tools_tests::tests::test_efficiency_improvised_scrap ... ok
test layer1::improvised_tools_tests::tests::test_efficiency_improvised_stone ... ok
test layer1::improvised_tools_tests::tests::test_efficiency_improvised_wood ... ok
test layer1::improvised_tools_tests::tests::test_efficiency_with_tools ... ok
test layer1::inspector::tests::test_inspector_component_defaults ... ok
test layer1::inspector::tests::test_observation_accumulates_score ... ok
test layer1::hygiene::tests::test_shower_usage ... ok
test layer1::inspector::tests::test_report_card_generation_on_departure ... ok
test layer1::inspector::tests::test_spawn_inspector_trigger ... ok
test layer1::institutional_memory_tests::tests::test_manual_aura_boosts_xp ... ok
test layer1::institutional_memory_tests::tests::test_manual_aura_distance_limit ... ok
test layer1::institutional_memory_tests::tests::test_manual_aura_strict_match ... ok
test layer1::institutional_memory_tests::tests::test_manual_degradation ... ok
test layer1::institutional_memory_tests::tests::test_produce_manual_high_skill ... ok
test layer1::institutional_memory_tests::tests::test_produce_manual_with_designation ... ok
test layer1::inventory::tests::test_inventory_add ... ok
test layer1::inventory::tests::test_inventory_capacity ... ok
test layer1::items::bolt_tests::test_item_type_is_copy ... ok
test layer1::items::tests::test_item_type_default ... ok
test layer1::items::tests::test_equipment_component_exists ... ok
test layer1::items::tests::test_tool_item_component ... ok
test layer1::items::tests::test_tool_breakage_removes_item ... ok
test layer1::items::tests::test_work_reduces_durability ... ok
test layer1::justice::tests::test_arrest_execution_converts_to_inmate ... ok
test layer1::justice::tests::test_inmate_sentence_decay ... ok
test layer1::justice::tests::test_vandalism_triggers_wanted_status ... ok
test layer1::justice::tests::test_warden_evaluates_arrest ... ok
test layer1::justice_tests::tests::test_crime_in_sanctuary_ignored ... ok
test layer1::justice::tests::test_warden_execution_system_integration ... ok
test layer1::justice_tests::tests::test_crime_outside_sanctuary_punished ... ok
test layer1::justice_tests::tests::test_warden_ignores_sanctuary_fugitive ... ok
test layer1::justice_tests::tests::test_warden_pursues_outside_fugitive ... ok
test layer1::kinetic_storage::tests::test_battery_charging ... ok
test layer1::kinetic_storage::tests::test_battery_destruction_hazard ... ok
test layer1::kinetic_storage::tests::test_battery_discharging ... ok
test layer1::kinetic_storage::tests::test_integration_battery_charging_in_grid ... ok
test layer1::language::tests::test_coordination_penalty_calculation ... ok
test layer1::language::tests::test_group_coordination_penalty ... ok
test layer1::language::tests::test_pop_has_dialect_component ... ok
test layer1::language::tests::test_pop_has_linguistics_component ... ok
test layer1::lifecycle::tests::test_aging_system_increments_age ... ok
test layer1::lifecycle::tests::test_aging_system_without_speed ... ok
test layer1::lifecycle::tests::test_elder_speed_penalty ... ok
test layer1::lifecycle::tests::test_lifestage_transitions ... ok
test layer1::lifecycle::tests::test_pop_has_age_component ... ok
test layer1::light_pollution::tests::test_indoor_lights_do_not_pollute ... ok
test layer1::light_pollution::tests::test_light_pollution_calculation ... ok
test layer1::institutional_memory_tests::tests::test_produce_manual_low_skill_fails ... ok
test layer1::lighting::tests::test_ambient_light_resource ... ok
test layer1::light_pollution::tests::test_nocturnal_fauna_aggression ... ok
test layer1::lighting::tests::test_darkness_affects_speed ... ok
test layer1::lighting::tests::test_light_affects_morale ... ok
test layer1::lighting::tests::test_light_map_initialization ... ok
test layer1::lighting::tests::test_light_source_component ... ok
test layer1::lighting::tests::test_light_restores_speed ... ok
test layer1::lighting::tests::test_update_lighting_system_ambient ... ok
test layer1::locations::tests::test_add_and_get_location_name ... ok
test layer1::lighting::tests::test_update_lighting_system_source ... ok
test layer1::locations::tests::test_get_location_name_at_viewport_center ... ok
test layer1::locations::tests::test_get_nonexistent_location ... ok
test layer1::locations::tests::test_initial_naming_system_creates_landing_site ... ok
test layer1::locations::tests::test_named_locations_resource_default ... ok
test layer1::locations::tests::test_overwrite_location_name ... ok
test layer1::loci::tests::test_apply_loci_effects ... ok
test layer1::loci::tests::test_apply_loci_effects_refreshes ... ok
test layer1::loci::tests::test_record_death_loci ... ok
test layer1::locations::tests::test_initial_naming_logs_chronicle_event ... ok
test layer1::loci::tests::test_update_loci_decay ... ok
test layer1::logistics::conveyor::tests::test_conveyor_blocked_by_obstacle ... ok
test layer1::logistics::conveyor::tests::test_conveyor_feeds_hopper ... ok
test layer1::logistics::conveyor::tests::test_conveyor_moves_item ... ok
test layer1::logistics::conveyor::tests::test_conveyor_needs_power ... ok
test layer1::logistics::conveyor::tests::test_hopper_consumes_item ... ok
test layer1::logistics::conveyor::tests::test_hopper_respects_cap ... ok
test layer1::logistics::glider::tests::test_glider_speed_boost_in_heat ... ok
test layer1::logistics::glider::tests::test_glider_grounded_in_cold ... ok
test layer1::logistics::orbital_drop::tests::test_drop_damages_terrain ... ok
test layer1::logistics::orbital_drop::tests::test_dropped_items_have_entropy ... ok
test layer1::logistics::orbital_drop::tests::test_orbital_drop_spawns_scattered_items ... ok
test layer1::logistics::pneumatic::tests::test_tube_clogging ... ok
test layer1::logistics::pneumatic::tests::test_tube_network_connection ... ok
test layer1::machine_consciousness::tests::test_buff_application ... ok
test layer1::machine_consciousness::tests::test_consciousness_xp_growth ... ok
test layer1::machine_consciousness::tests::test_level_up_and_bonding ... ok
test layer1::logistics::pneumatic::tests::test_tube_sends_item ... ok
test layer1::map::tests::test_camera_smooth_initialization ... ok
test layer1::map::tests::test_camera_smooth_interpolation ... ok
test layer1::map::tests::test_grid_position_clone ... ok
test layer1::map::tests::test_camera_smooth_snap ... ok
test layer1::map::tests::test_grid_position_creation ... ok
test layer1::map::tests::test_grid_position_debug ... ok
test layer1::map::tests::test_grid_position_fields ... ok
test layer1::map::tests::test_grid_position_is_copy ... ok
test layer1::map::tests::test_grid_position_negative_coords ... ok
test layer1::map::tests::test_screen_shake_system ... ok
test layer1::mascot::tests::test_mascot_death_causes_grief ... ignored
test layer1::mascot::tests::test_mascot_buff_application ... ok
test layer1::mascot::tests::test_mascot_seeks_social_zone ... ok
test layer1::material_provenance_tests::tests::test_material_beauty_modifier ... ok
test layer1::mascot::tests::test_mascot_spawn_defaults ... ok
test layer1::material_provenance_tests::tests::test_spawn_wood_wall ... ok
test layer1::material_provenance_tests::tests::test_spawn_stone_wall ... ok
test layer1::medical::tests::test_assignment_type_patient_exists ... ok
test layer1::medical::tests::test_healing_system_missing_hospital_component ... ok
test layer1::medical::tests::test_healing_stops_at_max ... ok
test layer1::medical::tests::test_healing_system_restores_health ... ok
test layer1::medical::tests::test_healing_system_wrong_assignment_type ... ok
test layer1::medical::tests::test_hospital_component_defaults ... ok
test layer1::medical::tests::test_healing_with_zone_bonus ... ok
test layer1::medical_triage_tests::tests::test_policy_resource_default ... ok
test layer1::medical_triage_tests::tests::test_triage_policy_prioritizes_lowest_health ... ok
test layer1::medical_triage_tests::tests::test_workers_first_policy_ignores_unemployed ... ok
test layer1::memetic::tests::test_infected_pop_scrawls_sigil ... ok
test layer1::memetic::tests::test_observing_sigil_spreads_infection ... ok
test layer1::memory::tests::test_add_memory ... ok
test layer1::memory::tests::test_admired_art_properties ... ok
test layer1::memory::tests::test_calculate_effective_morale ... FAILED
test layer1::memory::tests::test_memory_decay ... ok
test layer1::memory::tests::test_memory_removal_when_faded ... ok
test layer1::memory::tests::test_morale_clamping ... ok
test layer1::memory::tests::test_multiple_memories_stack ... FAILED
test layer1::memory::tests::test_social_buff_stacking ... FAILED
test layer1::memory::tests::test_trait_mood_modifier ... FAILED
test layer1::memory_core::tests::test_harvesting_memory_core_from_dead_pop_with_high_skills ... ok
test layer1::memory_core::tests::test_implanting_memory_core_grants_skills_but_causes_stress_and_personality_overwrite ... ok
test layer1::mentorship::tests::test_mentorship_apply_xp_bonus ... ok
test layer1::mentorship::tests::test_mentorship_detection_ignores_small_level_gap ... ok
test layer1::mentorship::tests::test_mentorship_detection_ignores_too_far ... ok
test layer1::mentorship::tests::test_mentorship_detection_valid_pair ... ok
test layer1::mentorship::tests::test_mentorship_expiration ... ok
test layer1::metal_industry_tests::tests::test_building_type_smelter ... ok
test layer1::metal_industry_tests::tests::test_mine_rock_yields_ore_probabilistically ... ok
test layer1::metal_industry_tests::tests::test_resources_metal_fields ... ok
test layer1::metal_industry_tests::tests::test_smelter_refines_ore_to_metal ... ok
test layer1::mining_tests::tests::test_mine_rock_spawns_anomaly_probabilistically ... ok
test layer1::mining_tests::tests::test_spawned_anomaly_has_valid_type ... ok
test layer1::morale::tests::test_decay_system ... ok
test layer1::morale::tests::test_morale_modifiers_apply ... ok
test layer1::mother_lode_tests::tests::test_hazard_impacts_risk_calculation ... ok
test layer1::mother_lode_tests::tests::test_heat_emission_into_grid ... ok
test layer1::mother_lode_tests::tests::test_mining_increases_hazard_and_heat ... ok
test layer1::mother_lode_tests::tests::test_mother_lode_initialization ... ok
test layer1::nature::atmosphere::tests::test_atmosphere_grid_initialization ... ok
test layer1::nature::atmosphere::tests::test_pollution_blocked_by_wall ... ok
test layer1::nature::atmosphere::tests::test_pollution_diffusion ... ok
test layer1::nature::atmosphere::tests::test_pollution_emission ... ok
test layer1::nature::atmosphere::tests::test_pollution_health_impact ... ok
test layer1::memetic::tests::test_unlocking_hazardous_tech_infects_researcher ... ok
test layer1::nature::atmosphere_corrosion_tests::tests::test_building_material_applies_resistance ... ok
test layer1::nature::atmosphere_corrosion_tests::tests::test_corrosion_resistance_mitigates_damage ... ok
test layer1::nature::atmosphere_corrosion_tests::tests::test_corrosive_atmosphere_resource_exists ... ok
test layer1::nature::atmosphere_corrosion_tests::tests::test_no_damage_when_intensity_zero ... ok
test layer1::nature::atmosphere_corrosion_tests::tests::test_structure_safe_under_roof ... ok
test layer1::nature::atmosphere_corrosion_tests::tests::test_structure_takes_damage_when_exposed ... ok
test layer1::nature::atmosphere_tides_tests::tests::test_movement_cost_integration ... ok
test layer1::nature::atmosphere_tides_tests::tests::test_movement_system_with_tides ... ok
test layer1::nature::atmosphere_tides_tests::tests::test_tide_oscillation ... ok
test layer1::nature::atmosphere::tests::test_pollution_passes_through_vent ... ok
test layer1::nature::atmosphere_tides_tests::tests::test_wind_sync ... ok
test layer1::nature::ecology_keystone_tests::tests::test_biome_degradation ... ok
test layer1::nature::ecology_keystone_tests::tests::test_dependent_dies_if_anchor_despawned ... ok
test layer1::nature::ecology_tests::tests::test_dirt_to_grass_pioneer ... ok
test layer1::nature::ecology_tests::tests::test_grass_to_sapling_seeding ... ok
test layer1::nature::ecology_keystone_tests::tests::test_keystone_removal_triggers_collapse ... ok
test layer1::nature::ecology_tests::tests::test_rock_does_not_grow ... ok
test layer1::nature::ecology_tests::tests::test_sapling_growth_to_tree ... ok
test layer1::nature::ecology_tests::tests::test_terrain_type_sapling ... ok
test layer1::nature::ecology_tests::tests::test_terrain_type_shrub ... ok
test layer1::nature::erosion::tests::test_dirt_erodes_to_path ... ok
test layer1::nature::erosion::tests::test_erosion_accumulation ... ok
test layer1::nature::erosion::tests::test_grass_erodes_to_dirt ... ok
test layer1::nature::erosion::tests::test_path_speed_bonus ... ok
test layer1::nature::fertility::tests::test_fallow_land_regenerates ... ok
test layer1::nature::fertility::tests::test_farming_depletes_fertility ... ok
test layer1::nature::erosion::tests::test_path_decay_unused ... ok
test layer1::nature::fertility::tests::test_fertility_grid_initialization ... ok
test layer1::nature::fertility::tests::test_fertility_clamping ... ok
test layer1::nature::fertility::tests::test_fertility_values_by_terrain ... ok
test layer1::nature::fertility::tests::test_production_scales_with_fertility ... ok
test layer1::nature::fire::tests::test_fire_component_defaults ... ok
test layer1::nature::fire::tests::test_fire_burns_out_and_destroys_tree ... ok
test layer1::nature::fire::tests::test_fire_does_not_spread_to_rock ... ok
test layer1::nature::fire::tests::test_fire_spreads_to_tree ... ok
test layer1::nature::fire::tests::test_flammable_component_defaults ... ok
test layer1::nature::radioactive::tests::test_food_does_not_emit_heat ... ok
test layer1::nature::radioactive::tests::test_get_overflow_protection ... ok
test layer1::nature::radioactive::tests::test_ore_emits_heat ... ok
test layer1::nature::radioactive::tests::test_radiation_grid_accumulates ... ok
test layer1::nature::radioactive::tests::test_radiation_sickness_application ... ok
test layer1::nature::radioactive::tests::test_sickness_damages_health ... ok
test layer1::nature::radioactive::tests::test_waste_emits_heat ... ok
test layer1::nature::seasons::tests::test_advance_season_system_initial ... ok
test layer1::nature::seasons::tests::test_advance_season_system_no_spam ... ok
test layer1::nature::seasons::tests::test_advance_season_system_transition ... ok
test layer1::nature::seasons::tests::test_base_temperature ... ok
test layer1::nature::seasons::tests::test_get_food_modifier ... ok
test layer1::nature::seasons::tests::test_season_enum_cycling ... ok
test layer1::nature::seasons::tests::test_season_state_default ... ok
test layer1::nature::solar::tests::test_cycle_update_system ... ok
test layer1::nature::solar::tests::test_solar_cycle_phases ... ok
test layer1::nature::solar::tests::test_solar_modifier ... ok
test layer1::nature::solar::tests::test_solar_night_output ... ok
test layer1::nature::solar::tests::test_solar_output_scaling ... ok
test layer1::nature::temperature::tests::test_ambient_drift ... ok
test layer1::nature::temperature::tests::test_clothing_protection ... ok
test layer1::nature::temperature::tests::test_diffusion_and_insulation ... ok
test layer1::nature::temperature::tests::test_explicit_heat_source_emission ... ok
test layer1::nature::temperature::tests::test_get_overflow_protection ... ok
test layer1::nature::temperature::tests::test_grid_initialization_to_ambient ... ok
test layer1::nature::temperature::tests::test_heat_source_emission ... ok
test layer1::nature::temperature::tests::test_thermal_damage ... ok
test layer1::nature::temperature::tests::test_unpowered_heater_no_heat ... ok
test layer1::nature::terrain::tests::test_fill_circle_all_terrain_types ... ok
test layer1::nature::terrain::tests::test_fill_circle_clipping ... ok
test layer1::nature::terrain::tests::test_generate_terrain_too_large_panics - should panic ... ok
test layer1::nature::terrain::tests::test_generate_terrain_zero_size_panics - should panic ... ok
test layer1::nature::terrain::tests::test_get_overflow_protection ... ok
test layer1::nature::terrain::tests::test_movement_cost ... ok
test layer1::nature::terrain::tests::test_terrain_generation ... ok
test layer1::nature::terrain::tests::test_terrain_grid_get_bounds ... ok
test layer1::nature::terrain::tests::test_terrain_type_is_walkable ... ok
test layer1::nature::terrain::tests::test_terrain_type_tree ... ok
test layer1::nature::fire::tests::test_fire_spreads_to_flammable_building ... ok
test layer1::nature::water::tests::test_terrain_water_is_infinite_source ... ok
test layer1::nature::water::tests::test_rock_blocks_water ... ok
test layer1::nature::water::tests::test_water_grid_initialization ... ok
test layer1::nature::water::tests::test_water_source_building ... ok
test layer1::nature::water::tests::test_water_recedes_when_source_removed ... ok
test layer1::nature::water::tests::test_water_spreads_to_neighbors ... ok
test layer1::nature::weather::tests::test_apply_weather_effects_system_multiplies_speed ... ok
test layer1::nature::weather::tests::test_apply_weather_effects_system_slows_movement ... ok
test layer1::nature::weather::tests::test_update_weather_system_changes_weather ... ok
test layer1::nature::weather::tests::test_weather_state_default ... ok
test layer1::nature::weather::tests::test_update_weather_system_decrements_duration ... ok
test layer1::nature::weather_tests::tests::test_inversion_halts_diffusion ... FAILED
test layer1::nature::wind::tests::test_global_wind_propagation ... ok
test layer1::nature::wind::tests::test_movement_penalty ... ok
test layer1::nature::weather_tests::tests::test_smog_damage_during_inversion ... ok
test layer1::nature::wind::tests::test_wind_blocked_by_wall ... ok
test layer1::nature::wind::tests::test_urban_canyon_effect ... ok
test layer1::needs::tests::test_calculate_morale ... ok
test layer1::nature::wind::tests::test_wind_grid_initialization ... ok
test layer1::needs::tests::test_decay_needs_system ... ok
test layer1::needs::tests::test_morale_efficiency_bonus ... ok
test layer1::needs::tests::test_morale_efficiency_neutral ... ok
test layer1::needs::tests::test_morale_efficiency_penalty ... ok
test layer1::needs::tests::test_needs_clamped_to_zero ... ok
test layer1::needs::tests::test_needs_default ... ok
test layer1::needs::tests::test_needs_worst ... ok
test layer1::needs::tests::test_trait_hunger_decay ... ok
test layer1::notifications::tests::test_add_notification ... ok
test layer1::notifications::tests::test_convenience_methods ... ok
test layer1::notifications::tests::test_dismiss_notification ... ok
test layer1::notifications::tests::test_notification_expiration ... ok
test layer1::notifications::tests::test_notification_limit ... ok
test layer1::notifications::tests::test_notification_queue_resource_exists ... ok
test layer1::needs::tests::test_decay_multiple_ticks ... ok
test layer1::observatory::tests::test_astronomy_tech_exists ... ok
test layer1::observatory::tests::test_observatory_logs_message ... ok
test layer1::observatory::tests::test_observatory_requires_astronomy ... ok
test layer1::observatory::tests::test_anxious_gets_more_dread ... ok
test layer1::observatory::tests::test_observe_action_generates_knowledge ... ok
test layer1::observatory::tests::test_optimist_gets_more_inspiration ... ok
test layer1::observer::tests::test_anxious_pop_stress_reaction ... ok
test layer1::observer::tests::test_lazy_pop_speed_reaction ... ok
test layer1::observer::tests::test_observer_awareness_adds_component ... ok
test layer1::observer::tests::test_observer_awareness_removes_component ... ok
test layer1::observer::tests::test_observer_reaction_increases_speed ... ok
test layer1::observer::tests::test_optimist_pop_stress_relief ... ok
test layer1::observatory::tests::test_observe_action_applies_mood_modifier ... ok
test layer1::olfactory::tests::test_foul_scent_mood_debuff ... ok
test layer1::olfactory::tests::test_pleasant_scent_mood_buff ... ok
test layer1::olfactory::tests::test_scent_emission_and_diffusion ... ok
test layer1::oral_tradition::tests::test_collect_chronicles ... ok
test layer1::oral_tradition::tests::test_collect_chronicles_genre_detection ... ok
test layer1::oral_tradition::tests::test_mutation ... ok
test layer1::olfactory::tests::test_scent_mixing_and_overpowering ... ok
test layer1::oral_tradition::tests::test_storytelling_buffs ... ok
test layer1::orbital_crossfire::tests::test_impact_creates_crater ... ok
test layer1::orbital_crossfire::tests::test_impact_destroys_building ... ok
test layer1::orbital_crossfire::tests::test_impact_generates_heat ... ok
test layer1::orbital_crossfire::tests::test_impact_spawns_harvestable_scrap ... ok
test layer1::orbital_crossfire::tests::test_mine_scrap ... ok
test layer1::overview_effect::tests::test_existential_dread_trait_reaction ... ok
test layer1::overview_effect::tests::test_observatory_grants_knowledge ... ok
test layer1::overview_effect::tests::test_orbital_fleet_reaction ... ok
test layer1::palette_fatigue::tests::test_apply_morale_modifier ... ok
test layer1::palette_fatigue::tests::test_fatigue_calculation_monoculture ... ok
test layer1::palette_fatigue::tests::test_fatigue_calculation_varied ... ok
test layer1::palette_fatigue::tests::test_fatigue_calculation_four_same_triggers_penalty ... ok
test layer1::palette_fatigue::tests::test_history_limit ... ok
test layer1::palette_fatigue::tests::test_record_meal_updates_history ... ok
test layer1::particles::tests::test_particle_physics_friction ... ok
test layer1::particles::tests::test_particle_physics_movement ... ok
test layer1::particles::tests::test_particle_system_despawns_expired_particles ... ok
test layer1::particles::tests::test_spawn_confetti_no_panic ... ok
test layer1::pathfinding::tests::test_find_path_simple ... ok
test layer1::pathfinding::tests::test_locked_door_blocks_path ... ok
test layer1::pathfinding::tests::test_open_door_allows_path_restricted ... ok
test layer1::pathfinding::tests::test_open_door_bypasses_access_control ... ok
test layer1::pathfinding::tests::test_pathfinding_avoids_strong_headwind ... ok
test layer1::pathfinding::tests::test_pathfinding_prefers_tailwind ... ok
test layer1::pathfinding::tests::test_role_based_access_control ... ok
test layer1::pathfinding::tests::test_vent_blocks_pop_movement ... ok
test layer1::penal::tests::test_inmate_evaluates_work_in_penal_zone ... ok
test layer1::pathfinding::tests::test_vermin_passes_through_vent ... ok
test layer1::penal::tests::test_inmate_outside_penal_zone_is_idle ... ok
test layer1::penal::tests::test_penal_labor_component_defaults ... ok
test layer1::penal::tests::test_working_accumulates_revolt_risk ... ok
test layer1::penal::tests::test_jailbreak_trigger ... ok
test layer1::permit::tests::test_advanced_building_spawns_with_permit_requirement ... ok
test layer1::permit::tests::test_basic_building_spawns_active ... ok
test layer1::permit::tests::test_delivering_permit_activates_building ... ok
test layer1::permit::tests::test_permit_blocks_functionality ... ok
test layer1::pheromone::tests::test_pheromone_application ... ok
test layer1::pheromone::tests::test_pheromone_range_limit ... ok
test layer1::pheromone::tests::test_reactive_emitter_pollution_trigger ... ok
test layer1::photophobic::tests::test_decay_in_inventory ... ok
test layer1::photophobic::tests::test_decay_in_light ... ok
test layer1::photophobic::tests::test_destruction_at_zero_hp ... ok
test layer1::photophobic::tests::test_destruction_removes_from_inventory ... ok
test layer1::photophobic::tests::test_hauling_preserves_photophobic ... ok
test layer1::photophobic::tests::test_no_decay_in_darkness ... ok
test layer1::photophobic::tests::test_photophobic_component_initialization ... ok
test layer1::politics::tests::test_election_cycle_trigger ... ok
test layer1::politics::tests::test_candidate_generation ... ok
test layer1::politics::tests::test_voting_logic ... FAILED
test layer1::politics::tests::test_winner_becomes_governor ... ok
test layer1::pop::tests::test_generated_names_not_empty ... ok
test layer1::pop::security_tests::test_speed_stable_with_reset ... ok
test layer1::pop::tests::test_pop_component_exists ... ok
test layer1::pop::tests::test_pop_component_on_entity ... ok
test layer1::pop::tests::test_pop_name_component ... ok
test layer1::pop::tests::test_spawn_initial_pops_have_age ... ok
test layer1::pop::tests::test_spawn_initial_pops_count ... ok
test layer1::pop::tests::test_spawn_initial_pops_have_names ... ok
test layer1::pop::tests::test_spawn_initial_pops_have_dietary_history ... ok
test layer1::pop::tests::test_spawn_initial_pops_have_positions ... ok
test layer1::pop::tests::test_spawn_initial_pops_have_skills ... ok
test layer1::pop::tests::test_spawn_initial_pops_have_traits ... ok
test layer1::pop::tests::test_spawn_initial_pops_have_wild_exposure ... ok
test layer1::pop::tests::test_spawn_initial_pops_internal_with_custom_rng ... ok
test layer1::pop::tests::test_spawn_initial_pops_retries ... ok
test layer1::pop::tests::test_spawn_internal_multiple_attempts ... ok
test layer1::pop::tests::test_spawn_initial_pops_terminates_on_full_map_repro ... ok
test layer1::pop::tests::test_spawn_on_dirt ... ok
test layer1::pop::tests::test_spawn_on_grass ... ok
test layer1::pop::tests::test_spawn_with_mixed_terrain ... ok
test layer1::pop::tests::test_spawn_only_on_walkable_terrain ... ok
test layer1::pop_doppelganger::tests::test_mimic_detection_via_scan ... ok
test layer1::pop::tests::test_spawn_within_terrain_bounds ... ok
test layer1::pop_doppelganger::tests::test_mimic_replacement ... ok
test layer1::predictive_policing::tests::test_high_stress_volatile_pop_becomes_suspect ... ok
test layer1::pop_doppelganger::tests::test_mimic_sabotage_during_work ... ok
test layer1::predictive_policing::tests::test_low_stress_pop_is_safe ... ok
test layer1::predictive_policing::tests::test_warden_targets_suspect ... ok
test layer1::predictive_policing::tests::test_pre_crime_arrest_converts_to_inmate ... ok
test layer1::preservation_tests::tests::test_consume_eats_rations_if_no_fresh_food ... ok
test layer1::preservation_tests::tests::test_consume_priority_eats_fresh_food_first ... ok
test layer1::preservation_tests::tests::test_rations_resource_defaults ... ok
test layer1::preservation_tests::tests::test_rations_decay_slower_than_food ... ok
test layer1::preservation_tests::tests::test_smokehouse_recipe ... ok
test layer1::preservation_tests::tests::test_smokehouse_recipe_full_storage ... ok
test layer1::preservation_tests::tests::test_smokehouse_recipe_insufficient_resources ... ok
test layer1::pressure::tests::test_airlock_blocks_pressure ... ok
test layer1::pressure::tests::test_gate_leaks_pressure ... ok
test layer1::pressure::tests::test_life_support_generates_pressure ... ok
test layer1::pressure::tests::test_pressure_grid_defaults_to_vacuum ... ok
test layer1::pressure::tests::test_suffocation_damage ... ok
test layer1::pressure::tests::test_walls_block_diffusion ... ok
test layer1::pressure::tests::test_pressure_passes_through_vent ... ok
test layer1::private_stash::tests::test_discovery_returns_resources ... ok
test layer1::private_stash::tests::test_anxious_pop_creates_stash ... ok
test layer1::private_stash::tests::test_hoarding_system_greedy_steals_valuables ... ok
test layer1::private_stash::tests::test_inspect_pop_empty_stash ... ok
test layer1::private_stash::tests::test_inspect_pop_mixed_resources ... ok
test layer1::private_stash::tests::test_private_stash_component ... ok
test layer1::private_stash::tests::test_stash_hides_from_global_inventory ... ok
test layer1::prototyping::tests::test_first_construction_is_prototype ... ok
test layer1::prototyping::tests::test_idle_prototypes_do_not_generate_mastery ... ok
test layer1::prototyping::tests::test_mastery_accumulation ... ok
test layer1::prototyping::tests::test_mastery_unlock_standard_builds ... ok
test layer1::prototyping::tests::test_prototype_efficiency_affects_production ... ok
test layer1::purity::tests::test_get_purity_consistent ... ok
test layer1::purity::tests::test_mine_rock_high_purity_yields_ore ... ok
test layer1::purity::tests::test_mine_rock_low_purity_yields_waste ... ok
test layer1::purity::tests::test_purity_map_resource_exists ... ok
test layer1::purity::tests::test_purity_map_smoothness ... ok
test layer1::quantum_twins::tests::test_mood_equalization ... ok
test layer1::quantum_twins::tests::test_severance_on_death ... ok
test layer1::quantum_twins::tests::test_xp_sharing ... ok
test layer1::quirks_tests::test_dense_atmosphere_reduces_solar_power ... ok
test layer1::quirks_tests::test_high_gravity_slows_movement ... ok
test layer1::quirks_tests::test_low_gravity_speeds_movement ... ok
test layer1::quirks_tests::test_modifiers_stack ... ok
test layer1::quirks_tests::test_rapid_orbit_shortens_day ... ok
test layer1::quirks_tests::test_traits_initialization ... ok
test layer1::recycling::tests::test_recycler_processes_corpse ... ok
test layer1::recycling::tests::test_recycler_processes_waste ... ok
test layer1::refining::tests::test_colony_resources_refined_fields ... ok
test layer1::refining::tests::test_office_produces_physical_permit ... ok
test layer1::refining::tests::test_process_refining_consumes_input_on_complete ... ok
test layer1::refining::tests::test_process_refining_lumber_mill ... ok
test layer1::refining::tests::test_process_refining_skills_efficiency ... ok
test layer1::refining::tests::test_process_refining_skills_xp ... ok
test layer1::refining::tests::test_quirk_stops_refining ... ok
test layer1::refining::tests::test_refining_stops_if_no_input ... ok
test layer1::resources::tests::test_add_wood_clamps_to_max ... ok
test layer1::resources::tests::test_add_wood_clamps_to_zero ... ok
test layer1::resources::tests::test_chop_tree_completion ... ok
test layer1::resources::tests::test_chop_tree_increments_progress ... ok
test layer1::resources::tests::test_colony_resources_fields ... ok
test layer1::resources::tests::test_forestry_progress_component ... ok
test layer1::resources::tests::test_mine_rock_completion ... ok
test layer1::resources::tests::test_mine_rock_ignores_non_rock ... ok
test layer1::resources::tests::test_mine_rock_increments_progress ... ok
test layer1::resources::tests::test_mine_rock_no_position ... ok
test layer1::resources::tests::test_mining_progress_component ... ok
test layer1::resources::tests::test_mining_progress_is_complete ... ok
test layer1::resources::tests::test_try_deduct_atomic_check ... ok
test layer1::resources::tests::test_try_deduct_failure ... ok
test layer1::resources::tests::test_try_deduct_success ... ok
test layer1::retrograde_tests::tests::test_demolish_ancient_fabricator_gives_300_knowledge ... ok
test layer1::retrograde_tests::tests::test_demolish_ancient_reactor_gives_500_knowledge ... ok
test layer1::retrograde_tests::tests::test_demolish_ancient_structure_notification ... ok
test layer1::retrograde_tests::tests::test_demolish_normal_building_gives_no_knowledge ... ok
test layer1::retrograde_tests::tests::test_demolish_unknown_ancient_structure_gives_100_knowledge ... ok
test layer1::rituals::tests::test_glitchy_quirk_stops_production ... ok
test layer1::rituals::tests::test_high_anger_causes_quirk ... ok
test layer1::rituals::tests::test_machine_spirit_initialization ... ok
test layer1::rituals::tests::test_quirk_not_generated_low_anger ... ok
test layer1::rituals::tests::test_ritual_clamped_at_zero ... ok
test layer1::rituals::tests::test_ritual_keeps_quirk_if_anger_high ... ok
test layer1::rituals::tests::test_ritual_reduces_anger ... ok
test layer1::rituals::tests::test_spirit_decay_increases_anger ... ok
test layer1::room_quality::tests::test_apply_thought_based_on_quality ... ok
test layer1::room_quality::tests::test_beauty_increases_quality ... ok
test layer1::room_quality::tests::test_calculate_base_quality ... ok
test layer1::room_quality::tests::test_enclosure_bonus ... ok
test layer1::ruins::tests::test_destruction_spawns_ruin ... ok
test layer1::ruins::tests::test_scavenge_ruin_yields_resources ... ok
test layer1::rumor::tests::test_knowledge_default ... ok
test layer1::rumor::tests::test_rumor_doom_affects_morale ... ok
test layer1::rumor::tests::test_rumor_exchange_shares_info ... ok
test layer1::rumor::tests::test_rumor_generation_negative_morale ... FAILED
test layer1::rumor::tests::test_rumor_gossip_affects_affinity ... ok
test layer1::rumor::tests::test_rumor_shortage_affects_morale ... ok
test layer1::rumor::tests::test_rumor_struct ... ok
test layer1::science::tests::test_anomaly_component ... ok
test layer1::science::tests::test_evaluate_explore_finds_anomaly ... ok
test layer1::science::tests::test_process_scan_system_completes_scan ... ok
test layer1::science::tests::test_process_scan_system_increments_progress ... ok
test layer1::science::tests::test_scan_progress_component ... ok
test layer1::science::tests::test_spawn_initial_anomalies ... ok
test layer1::scrapcode::tests::test_purge_action_removes_scrapcode ... ok
test layer1::scrapcode::tests::test_scrapcode_decay_system ... ok
test layer1::scrapcode::tests::test_scrapcode_increases_building_cost ... ok
test layer1::security::biometric_drift_tests::test_access_denied_high_drift ... ok
test layer1::security::biometric_drift_tests::test_access_slow_medium_drift ... ok
test layer1::security::biometric_drift_tests::test_drift_accumulation_over_time ... ok
test layer1::security::biometric_drift_tests::test_recalibration_resets_drift ... ok
test layer1::security::biometric_drift_tests::test_scars_increase_drift ... ok
test layer1::seismic::tests::test_seismic_flora_agitation ... ok
test layer1::seismic::tests::test_seismic_source_propagation_rock_vs_dirt ... ok
test layer1::seismic::tests::test_seismic_triggers_instability ... ok
test layer1::seismic::tests::test_vibration_grid_initialization ... ok
test layer1::shadow_market::tests::test_despawn_when_lit ... ok
test layer1::shadow_market::tests::test_spawn_only_in_darkness ... ok
test layer1::shadow_market::tests::test_spawn_shadow_trader_system ... ok
test layer1::shift_integration_tests::tests::test_farm_respects_shifts ... ok
test layer1::shift_integration_tests::tests::test_refine_respects_shifts ... ok
test layer1::shift_integration_tests::tests::test_research_respects_shifts ... ok
test layer1::shipbreaking::tests::test_building_inside_hull ... ok
test layer1::shipbreaking::tests::test_mining_hull_requires_tool ... ok
test layer1::shipbreaking::tests::test_mining_hull_yields_alloys ... ok
test layer1::shipbreaking::tests::test_shipbreaking_hull_generation ... ok
test layer1::skills::tests::test_efficiency_scaling ... ok
test layer1::skills::tests::test_gain_xp_increases_level ... ok
test layer1::skills::tests::test_skill_types_exist ... ok
test layer1::skills::tests::test_skills_default_empty ... ok
test layer1::sleep_deprived_savant::tests::test_enter_fever_dream ... ok
test layer1::sleep_deprived_savant::tests::test_exit_fever_dream ... ok
test layer1::sleep_deprived_savant::tests::test_fever_dream_damage ... ok
test layer1::sleep_deprived_savant::tests::test_non_intellectual_ignored ... ok
test layer1::sleepwalking_tests::tests::test_sleepwalking_movement ... ok
test layer1::sleepwalking_tests::tests::test_sleepwalking_overrides_action ... ok
test layer1::sleepwalking_tests::tests::test_sleepwalking_recovery ... ok
test layer1::sleepwalking_tests::tests::test_sleepwalking_trigger ... ok
test layer1::social::cadet::tests::test_noble_allowance_income ... ok
test layer1::social::cadet::tests::test_noble_death_penalizes_relations ... ok
test layer1::social::cultural_vandalism::tests::test_vandalism_application ... ok
test layer1::social::cultural_vandalism::tests::test_vandalized_structure_inverts_buff ... ok
test layer1::social::debt::tests::test_accrue_debt_event ... ok
test layer1::social::debt::tests::test_debt_decay ... ok
test layer1::social::debt::tests::test_debt_impact_on_affinity ... ok
test layer1::social::debt::tests::test_social_debt_initialization ... ok
test layer1::social::empty_room_tests::tests::test_clutter_invalidates_sanctuary ... ok
test layer1::social::empty_room_tests::tests::test_sanctuary_validity_check ... ok
test layer1::private_stash::tests::test_hoarding_system_anxious_steals_food ... ok
test layer1::social::empty_room_tests::tests::test_visit_reduces_stress ... ok
test layer1::social::grievances::tests::test_bulletin_board_component ... ok
test layer1::social::grievances::tests::test_cooldown_prevents_spam ... ok
test layer1::social::grievances::tests::test_note_decay ... ok
test layer1::social::grievances::tests::test_post_grievance_low_morale ... ok
test layer1::social::grievances::tests::test_read_board_affects_affinity ... ok
test layer1::social::old_guard_tests::tests::test_apply_founder_benefits ... ok
test layer1::social::old_guard_tests::tests::test_arrival_component_defaults ... ok
test layer1::social::old_guard_tests::tests::test_chronicle_event_turning_point ... ok
test layer1::social::old_guard_tests::tests::test_demographics_tracking ... ok
test layer1::social::old_guard_tests::tests::test_friction_founders_overwhelmed ... ok
test layer1::social::old_guard_tests::tests::test_friction_immigrants_excluded ... ok
test layer1::social::old_guard_tests::tests::test_generation_determination ... ok
test layer1::social::pen_pals::tests::test_espionage_loss ... ok
test layer1::social::pen_pals::tests::test_ethics_shift ... ok
test layer1::social::pen_pals::tests::test_firewall_comms_policy ... ok
test layer1::social::pen_pals::tests::test_intel_gain_from_bond ... ok
test layer1::social::pen_pals::tests::test_intel_gain_requires_comms_console ... ok
test layer1::social::pen_pals::tests::test_remote_bond_formation ... ok
test layer1::social::placebo::tests::test_betrayal_spikes_stress_and_adds_trait ... ok
test layer1::social::placebo::tests::test_distrustful_pops_ignore_placebos ... ok
test layer1::social::placebo::tests::test_placebo_reduces_stress_temporarily ... ok
test layer1::social::tests::test_affinity_change_event ... ok
test layer1::social::tests::test_affinity_clamping ... ok
test layer1::social::tests::test_leisure_decays ... ok
test layer1::social::tests::test_needs_has_leisure ... ok
test layer1::social::tests::test_proximity_morale_buff ... ok
test layer1::social::tests::test_proximity_morale_debuff ... ok
test layer1::social::tests::test_relationships_default ... ok
test layer1::social::tests::test_restore_leisure_social_bonus ... ok
test layer1::social::tests::test_restore_leisure_system ... ok
test layer1::social::tests::test_restore_leisure_with_zone_bonus ... ok
test layer1::social::tests::test_tavern_component_defaults ... ok
test layer1::social_mimicry::tests::test_clear_just_consumed ... ok
test layer1::social_mimicry::tests::test_elite_sets_trend ... ok
test layer1::social_mimicry::tests::test_following_trend_grants_mood_buff ... ok
test layer1::social_mimicry::tests::test_trend_spreads_to_nearby_labor ... ok
test layer1::social_stratification::tests::test_class_friction_housing ... ok
test layer1::social_stratification::tests::test_job_prestige_mapping ... ok
test layer1::social_stratification::tests::test_no_friction_same_class ... ok
test layer1::social_stratification::tests::test_social_class_calculation ... ok
test layer1::society::tests::test_investigation_reveals_members ... ok
test layer1::society::tests::test_society_formation_based_on_traits ... ok
test layer1::society::tests::test_society_power_increase_on_meeting ... ok
test layer1::society::tests::test_suppression_causes_unrest ... ok
test layer1::spiteful_will::tests::test_confiscating_loot_causes_unrest ... ok
test layer1::spiteful_will::tests::test_spiteful_will_triggers_on_death ... ok
test layer1::spoilage::tests::test_global_food_decay ... ok
test layer1::spoilage::tests::test_non_perishable_items_untouched ... ok
test layer1::spoilage::tests::test_perishable_component_default ... ok
test layer1::spoilage::tests::test_perishable_item_decay ... ok
test layer1::spoilage::tests::test_perishable_item_destruction ... ok
test layer1::spoilage::tests::test_rations_spoilage ... ok
test layer1::spoilage::tests::test_spoilage_with_vermin ... ok
test layer1::spontaneous_architecture::tests::test_cannot_build_if_blocked ... ok
test layer1::spontaneous_architecture::tests::test_check_spontaneous_build_finds_adjacent_empty_tile ... ok
test layer1::spontaneous_architecture::tests::test_demolish_causes_sadness ... ok
test layer1::spontaneous_architecture::tests::test_personal_structure_component ... ok
test layer1::spontaneous_architecture::tests::test_spontaneous_build_consumes_resources ... ok
test layer1::stockpile::tests::test_add_resource_clamped_to_max ... ok
test layer1::stockpile::tests::test_add_resource_no_overflow ... ok
test layer1::stockpile::tests::test_building_type_stockpile_exists ... ok
test layer1::stockpile::tests::test_colony_resources_caps_default ... ok
test layer1::stockpile::tests::test_stockpile_component_defaults ... ok
test gpu::pipeline::tests::test_create_compute_pipeline ... ok
test layer1::stockpile::tests::test_update_resource_caps_system ... ok
test layer1::stowaway::tests::test_infiltration_adds_stowaway_to_building ... ok
test layer1::stowaway::tests::test_stowaway_component_defaults ... ok
test layer1::stowaway::tests::test_discovery_removes_component_spawns_pop ... ok
test layer1::stowaway::tests::test_stowaway_steals_food ... ok
test layer1::stress::tests::test_aura_stress_integration ... ok
test layer1::stress::tests::test_breakdown_trigger ... ok
test layer1::stress::tests::test_breakdown_lifecycle ... ok
test layer1::stress::tests::test_breakdown_type_default ... ok
test layer1::stress::tests::test_breakdown_type_pyromaniac ... ok
test layer1::stress::tests::test_catharsis_bonus ... ok
test layer1::stress::tests::test_stress_accumulation ... FAILED
test layer1::structural_integrity::tests::test_building_provides_support ... ok
test layer1::structural_integrity::tests::test_collapse_mechanics ... ok
test layer1::structural_integrity::tests::test_mining_preserves_roof ... ok
test layer1::structural_integrity::tests::test_collapse_negative_coords ... ok
test layer1::structural_integrity::tests::test_roof_initialization ... ok
test layer1::structural_integrity::tests::test_stability_check_far ... ok
test layer1::structural_integrity::tests::test_stability_check_overflow ... ok
test layer1::structural_integrity::tests::test_stability_check_safe ... ok
test layer1::structural_integrity_overflow_tests::test_check_stability_overflow ... ok
test layer1::structural_integrity_overflow_tests::test_roof_grid_overflow ... ok
test layer1::structure::tests::test_process_repair_on_direct_structure_does_not_despawn ... ok
test layer1::structure::tests::test_fire_damages_structure ... ok
test layer1::structure::tests::test_repair_removes_designation_at_max_hp ... ok
test layer1::structure::tests::test_repair_restores_hp ... ok
test layer1::structure::tests::test_structure_component_defaults ... ok
test layer1::structure::tests::test_structure_destruction_at_zero_hp ... ok
test layer1::structure_fragile_tests::tests::test_fragile_decay_reduces_hp ... ok
test layer1::structure_jury_rig_tests::tests::test_designation_type_jury_rig_properties ... ok
test layer1::structure_jury_rig_tests::tests::test_fragile_buildings_take_extra_fire_damage ... ok
test layer1::structure_jury_rig_tests::tests::test_jury_rig_adds_fragile_component ... ok
test layer1::structure_jury_rig_tests::tests::test_jury_rig_restores_hp_instantly ... ok
test layer1::structure_fragile_tests::tests::test_fragile_decay_scales_with_stacks ... ok
test layer1::structure_maintenance_tests::tests::test_defer_maintenance_component ... ok
test layer1::structure_jury_rig_tests::tests::test_jury_rig_stacks_fragility ... ok
test layer1::structure_maintenance_tests::tests::test_entropy_system_reduces_hp ... ok
test layer1::structure_maintenance_tests::tests::test_malfunction_risk_calculation ... ok
test layer1::structure_maintenance_tests::tests::test_evaluate_repair_ignores_deferred ... ok
test layer1::structure_maintenance_tests::tests::test_repair_logic_ignores_deferred ... ok
test layer1::suction::tests::test_anchored_building_not_moved ... ok
test layer1::suction::tests::test_entity_sucked_into_vacuum ... ok
test layer1::taboo::tests::test_evaluate_taboo_penalty ... ok
test layer1::suction::tests::test_no_suction_at_equilibrium ... ok
test layer1::taboo::tests::test_structure_collapse_creates_taboo ... ok
test layer1::taboo::tests::test_taboo_applies_stress_to_worker ... ok
test layer1::taboo::tests::test_taboo_state_default ... ok
test layer1::taboo::tests::test_taboo_decays_over_time ... ok
test layer1::tech::ghost_code_integration_tests::tests::test_ghost_trait_legacy_targeting ... ok
test layer1::tech::ghost_code_tests::tests::test_construction_inherits_ghost_code ... ok
test layer1::tech::ghost_code_tests::tests::test_deconstruction_leaves_residue ... ok
test layer1::tech::ghost_code_tests::tests::test_ghost_trait_legacy_targeting_tag ... ok
test layer1::tech::ghost_code_tests::tests::test_purge_action_removes_residue ... ok
test layer1::tech::ghost_code_tests::tests::test_ghost_trait_power_drain_once ... ok
test layer1::tech::ghost_code_tests::tests::test_purge_execution_system ... ok
test layer1::tech::harmonic_mining_tests::tests::test_drill_ignores_mismatched_objects ... ok
test layer1::tech::harmonic_mining_tests::tests::test_drill_shatters_matching_structure ... ok
test layer1::tech::harmonic_mining_tests::tests::test_drill_mines_matching_ore ... ok
test layer1::tech::hypno_learning_tests::tests::test_hypno_pod_grants_xp_while_sleeping ... ok
test layer1::tech::hypno_learning_tests::tests::test_hypno_sleep_children_gain_volatile_not_xp ... ok
test layer1::tech::hypno_learning_tests::tests::test_mental_fog_penalizes_movement_and_work ... ok
test layer1::tech::hypno_learning_tests::tests::test_hypno_sleep_drains_hunger_faster ... ok
test layer1::tech::hypno_learning_tests::tests::test_waking_from_hypno_applies_mental_fog ... ok
test layer1::tech::infinite_archive_tests::tests::test_data_accumulation_reduces_efficiency ... ok
test layer1::tech::infinite_archive_tests::tests::test_overcapacity_halts_research ... ok
test layer1::tech::infinite_archive_tests::tests::test_purge_tech_restores_efficiency ... ok
test layer1::tech::legacy_code_tests::tests::test_bloat_accumulation ... ok
test layer1::tech::legacy_code_tests::tests::test_bloat_slows_research ... ok
test layer1::tech::neural_leech_tests::test_hub_death_causes_cascading_breakdown ... ok
test layer1::tech::legacy_code_tests::tests::test_reformat_clears_bloat_but_disables_system ... ok
test layer1::tech::neural_leech_tests::test_neural_hub_stress_maxes_out ... ok
test layer1::tech::neural_leech_tests::test_neural_hub_buffs_nearby_pops ... ok
test layer1::tech::rhythm_tests::tests::test_discord_penalty ... ok
test layer1::tech::rhythm_tests::tests::test_sync_bonus_adjacent_machines ... ok
test layer1::tech::tests::test_building_requires_tech ... ok
test layer1::tech::tests::test_placement_fails_if_tech_locked ... ok
test layer1::tech::tests::test_placement_succeeds_if_tech_unlocked ... ok
test layer1::tech::rhythm_tests::tests::test_sync_bonus_lost_on_discord ... ok
test layer1::tech::tests::test_resources_knowledge_fields ... ok
test layer1::tech::tests::test_tech_costs ... ok
test layer1::tech::tests::test_tech_enum_exists ... ok
test layer1::tech::tests::test_tech_state_starts_empty ... ok
test layer1::tech::tests::test_unlock_tech_insufficient_funds ... ok
test layer1::tech::tests::test_unlock_tech_success ... ok
test layer1::tech_envy::tests::test_building_tiers_and_categories ... ok
test layer1::tech_envy::tests::test_no_envy_different_category ... ok
test layer1::tech_envy::tests::test_envy_refresh ... ok
test layer1::tech_envy::tests::test_no_envy_same_tier ... ok
test layer1::tech_envy::tests::test_tech_envy_trigger ... ok
test layer1::tech_storage_tests::tests::test_cannot_unlock_if_full ... ok
test layer1::tech_storage_tests::tests::test_corrupted_tech_blocks_access ... ok
test layer1::tech_storage_tests::tests::test_capacity_drop_triggers_corruption ... ok
test layer1::tech_storage_tests::tests::test_passive_storage_works ... ok
test layer1::tech_storage_tests::tests::test_tech_has_storage_cost ... ok
test layer1::tech_storage_tests::tests::test_server_bank_increases_capacity ... ok
test layer1::tech_storage_tests::tests::test_tech_state_tracks_capacity ... ok
test layer1::tech_storage_tests::tests::test_unlocking_existing_corrupted_tech_costs_nothing ... ok
test layer1::tech_storage_tests::tests::test_unlocking_tech_increases_usage ... ok
test layer1::terraforming::tests::test_global_toxicity_affects_local_diffusion ... ok
test layer1::terraforming::tests::test_global_toxicity_damages_pops ... ok
test layer1::terraforming::tests::test_planetary_atmosphere_initialization ... ok
test layer1::terraforming::tests::test_low_toxicity_accelerates_decay ... ok
test layer1::terraforming::tests::test_processor_requires_power ... ok
test layer1::terraforming::tests::test_processor_reduces_toxicity ... ok
test layer1::the_visitor::tests::test_visitor_detects_food_stockpile ... ok
test layer1::the_visitor::tests::test_visitor_initialization ... ok
test layer1::the_visitor::tests::test_visitor_eats_resources ... ok
test layer1::tool_tests::tests::test_building_type_smithy ... ok
test layer1::tool_tests::tests::test_colony_resources_tools_fields ... ok
test layer1::tool_tests::tests::test_smithy_recipe ... ok
test layer1::totems::tests::test_equipment_has_totem_slot ... ok
test layer1::the_visitor::tests::test_visitor_tramples_walls ... ok
test layer1::totems::tests::test_totem_reduces_stress_accumulation ... ok
test layer1::totems::tests::test_totem_creation_at_high_stress ... ok
test layer1::trade::tests::test_execute_trade_insufficient_funds ... ok
test layer1::trade::tests::test_execute_trade_success ... ok
test layer1::trade::tests::test_exploit_infinite_cost_prevented ... ok
test layer1::trade::tests::test_exploit_negative_cost_prevented ... ok
test layer1::totems::tests::test_unequipping_triggers_bad_omen ... ok
test layer1::trade::tests::test_merchant_arrival_requires_depot ... ok
test layer1::trade::tests::test_merchant_arrival_with_depot ... ok
test layer1::trade::tests::test_merchant_departs_after_time ... ok
test layer1::trade::tests::test_merchant_state_resource_defaults ... ok
test layer1::trade::tests::test_trade_depot_component_exists ... ok
test layer1::traits::tests::test_feral_speed_modifier ... ok
test layer1::traits::tests::test_hunger_decay_modifiers ... ok
test layer1::traits::tests::test_leisure_decay_modifiers ... ok
test layer1::traits::tests::test_night_owl_mood_modifier ... ok
test layer1::traits::tests::test_conflicting_traits ... ok
test layer1::traits::tests::test_traits_random_generation ... ok
test layer1::traits::tests::test_work_speed_modifiers ... ok
test layer1::turret::tests::test_exploit_negative_ammo_cost_prevented ... ok
test layer1::turret::tests::test_trash_cannon_fires_and_consumes_ammo ... ok
test layer1::turret::tests::test_trash_cannon_needs_ammo ... ok
test layer1::turret::tests::test_turret_component_defaults ... ok
test layer1::turret::tests::test_trash_cannon_spawns_mess_on_impact ... ok
test layer1::unrest::tests::test_check_break_risk_triggers_break ... ok
test layer1::unrest::tests::test_denounce_lowers_unrest_and_punishes_target ... ok
test layer1::unrest::tests::test_broken_state_overrides_utility_ai ... ok
test layer1::unrest::tests::test_mental_state_default ... ok
test layer1::unrest::tests::test_denounce_punishment_trauma ... ok
test layer1::unrest::tests::test_recover_from_break_when_morale_improves ... ok
test layer1::unrest::tests::test_scapegoat_identification_preference ... ok
test layer1::unrest::tests::test_unrest_calculation ... ok
test layer1::unrest::tests::test_vandalize_damages_building ... ok
test layer1::urban_heat_tests::tests::test_no_solar_heat_at_night ... ok
test layer1::unrest::tests::test_vandalize_integration_damages_building ... ok
test layer1::urban_heat_tests::tests::test_retention_slows_cooling ... ok
test layer1::urban_heat_tests::tests::test_solar_heat_gain_during_day ... ok
test layer1::urban_heat_tests::tests::test_urban_heat_island_effect ... ok
test layer1::utility_ai::tests::test_evaluate_actions_respects_threshold ... ok
test layer1::utility_ai::tests::test_evaluate_actions_switches_when_threshold_exceeded ... ok
test layer1::utility_ai::tests::test_penal_labor_prioritizes_work ... ok
test layer1::utility_ai::tests::test_update_action_timer ... ok
test layer1::utility_ai_hierarchy_tests::tests::test_evaluate_actions_chooses_shower_when_dirty_and_has_water ... ok
test layer1::utility_ai_hierarchy_tests::tests::test_drafted_pop_ignores_critical_hunger ... ok
test layer1::utility_ai_hierarchy_tests::tests::test_evaluate_actions_ignores_shower_when_no_water ... ok
test layer1::utility_ai_hierarchy_tests::tests::test_mental_break_overrides_drafted ... ok
test layer1::utility_ai_hierarchy_tests::tests::test_penal_labor_allows_eating ... ok
test layer1::utility_ai_hierarchy_tests::tests::test_penal_labor_ignores_socializing ... ok
test layer1::utility_ai_hierarchy_tests::tests::test_striking_pop_eats ... ok
test layer1::utility_ai_population::tests::test_populate_farms_filters_full_capacity ... ok
test layer1::utility_ai_population::tests::test_populate_farms_filters_inactive_schedule ... ok
test layer1::utility_ai_population::tests::test_populate_farms_filters_unpowered ... ok
test layer1::utility_ai_hierarchy_tests::tests::test_striking_pop_ignores_work_designations ... ok
test layer1::utility_ai_population::tests::test_populate_generic_items_filtering ... ok
test layer1::utility_ai_population::tests::test_populate_housing_filters_full ... ok
test layer1::utility_ai_population::tests::test_populate_refining_filters_inactive_schedule ... ok
test layer1::utility_ai_population::tests::test_populate_refining_filters_unaffordable ... ok
test layer1::utility_ai_population::tests::test_populate_refining_filters_unpowered ... ok
test layer1::utility_ai_work_tests::tests::test_action_type_work_variant ... ok
test layer1::utility_ai_work_tests::tests::test_evaluate_work_distance_scaling ... ok
test layer1::utility_ai_work_tests::tests::test_evaluate_work_base_utility ... ok
test layer1::utility_ai_work_tests::tests::test_evaluate_work_no_designations ... ok
test layer1::utility_ai_work_tests::tests::test_evaluate_work_finds_designation ... ok
test layer1::utility_types::tests::test_action_type_completeness ... ok
test layer1::utility_types::tests::test_action_type_count_matches ... ok
test layer1::utility_ai_work_tests::tests::test_evaluate_work_prioritizes_closest ... ok
test layer1::utility_types::tests::test_action_type_variants ... ok
test layer1::utility_types::tests::test_calculate_context_score_availability ... ok
test layer1::utility_types::tests::test_calculate_context_score_distance ... ok
test layer1::utility_types::tests::test_calculate_context_score_extreme_weights ... ok
test layer1::utility_types::tests::test_calculate_context_score_full_capacity ... ok
test layer1::utility_types::tests::test_calculate_context_score_zero_capacity ... ok
test layer1::utility_types::tests::test_calculate_context_score_over_capacity_nan ... ok
test layer1::utility_types::tests::test_manhattan_distance ... ok
test layer1::utility_types::tests::test_manhattan_distance_extreme ... ok
test layer1::utility_types::tests::test_manhattan_distance_overflow ... ok
test layer1::utility_types::tests::test_need_response_curve ... ok
test layer1::utility_types::tests::test_need_response_curve_boundaries ... ok
test layer1::utility_types::tests::test_pop_action_default ... ok
test layer1::utility_types::tests::test_utility_config_default ... ok
test layer1::utility_types::tests::test_utility_weights_default ... ok
test layer1::vacuum_welding_tests::tests::test_destroy_designation_allowed ... ok
test layer1::vacuum_welding_tests::tests::test_vacuum_welded_prevents_demolish ... ok
test layer1::vacuum_welding_tests::tests::test_execute_destroy_yields_no_resources ... ok
test layer1::vacuum_welding_tests::tests::test_vacuum_welding_applied_in_vacuum ... ok
test layer1::vacuum_welding_tests::tests::test_vacuum_welded_prevents_repair ... ok
test layer1::vacuum_welding_tests::tests::test_vacuum_welding_hp_bonus ... ok
test layer1::vacuum_welding_tests::tests::test_vacuum_welding_not_applied_in_atmosphere ... ok
test layer1::venting_tests::tests::test_door_control_defaults_to_auto ... ok
test layer1::venting_tests::tests::test_fire_extinguishes_in_vacuum ... ok
test layer1::venting_tests::tests::test_locked_airlock_maintains_pressure ... ok
test layer1::venting_tests::tests::test_open_airlock_vents_pressure ... ok
test layer1::vermin::tests::test_initialization ... ok
test layer1::vermin::tests::test_spoilage_modifier ... ok
test layer1::vermin::tests::test_pest_control_policy_reduces_growth ... ok
test layer1::vermin::tests::test_spoilage_system_integration ... ok
test layer1::vermin::tests::test_vermin_decay_when_clean ... ok
test layer1::vermin::tests::test_vermin_growth_from_waste ... ok
test layer1::vermin::tests::test_vermin_growth_from_food ... ok
test layer1::vermin_evolution_tests::tests::test_gain_toxic_trait_from_waste ... ok
test layer1::vermin_evolution_tests::tests::test_toxic_vermin_resist_pest_control ... ok
test layer1::vermin_evolution_tests::tests::test_volatile_vermin_ignite_fuel ... ok
test layer1::visitor::tests::test_spawn_visitor_system ... ok
test layer1::visitor::tests::test_visitor_behavior_arriving ... ok
test layer1::vermin_evolution_tests::tests::test_gain_volatile_trait_from_fuel ... ok
test layer1::visitor::tests::test_visitor_behavior_departing ... ok
test layer1::visitor::tests::test_visitor_component_defaults ... ok
test layer1::visitor::tests::test_visitor_behavior_loitering ... ok
test layer1::visitor::tests::test_visitor_departure_lifecycle ... ok
test layer1::visitor::tests::test_visitor_source_resource ... ok
test layer1::visitor::tests::test_visitor_despawn_on_exit ... ok
test layer1::void_signals::tests::test_auto_tune ... ok
test layer1::void_signals::tests::test_decrypt_completion ... ok
test layer1::void_signals::tests::test_signal_network_add ... ok
test layer1::void_stare::tests::test_manifestation_triggers ... ok
test layer1::void_stare::tests::test_void_exposure_gain ... FAILED
test layer1::void_weed::tests::test_void_weed_smuggling_attracts_pirates ... ok
test layer1::void_weed::tests::test_void_weed_smuggling_profits ... ok
test layer1::volatile::tests::test_decay_paused_does_not_reduce ... ok
test layer1::volatile::tests::test_decay_system_reduces_stability ... ok
test layer1::volatile::tests::test_explosion_damages_structures ... ok
test layer1::volatile::tests::test_explosion_does_not_damage_outside_radius ... ok
test layer1::volatile::tests::test_explosion_trigger_at_zero_stability ... ok
test layer1::volatile::tests::test_volatile_component_initialization ... ok
test layer1::waste_tests::tests::test_landfill_building_properties ... ok
test layer1::waste_tests::tests::test_landfill_increases_waste_cap ... ok
test layer1::waste_tests::tests::test_refining_produces_waste_item ... ok
test layer1::waste_tests::tests::test_resource_type_waste ... ok
test layer1::waste_tests::tests::test_waste_item_negative_beauty ... ok
test layer1::wild_child::tests::test_adults_do_not_gain_exposure ... ok
test layer1::wild_child::tests::test_exposure_decreases_in_civilization ... ok
test layer1::wild_child::tests::test_exposure_increases_in_wild ... ok
test layer1::wild_child::tests::test_feral_trait_acquisition ... ok
test layer1::wild_child::tests::test_wild_exposure_component_init ... ok
test layer1::window::tests::test_window_captures_distant_beauty ... ok
test layer1::void_signals::tests::test_decrypt_progress ... ok
test layer1::window::tests::test_window_negative_view ... ok
test layer1::work_building_tests::tests::test_evaluate_farm_finds_work ... ok
test layer1::work_building_tests::tests::test_evaluate_refine_finds_valid_work ... ok
test layer1::zone::tests::test_building_inherits_zone_buff ... ok
test layer1::window::tests::test_window_obstruction ... ok
test layer1::zone::tests::test_remove_zone ... ok
test layer1::zone::tests::test_set_zone ... ok
test layer1::zone::tests::test_zone_grid_default ... ok
test layer1::zone::tests::test_wrong_zone_no_buff ... ok
test layer2::barnacles::tests::test_barnacle_cleaning ... ok
test layer2::barnacles::tests::test_barnacle_drag_modifier ... ok
test layer2::barnacles::tests::test_barnacle_slows_movement ... ok
test layer2::barnacles::tests::test_ensure_barnacles_component ... ok
test layer2::combat::tests::test_combat_casualties ... ok
test layer1::social::empty_room_tests::tests::test_visit_can_spawn_clutter ... ok
test layer2::combat::tests::test_combat_resolution_stronger_wins ... ok
test layer2::combat::tests::test_destroyed_ships_tracking ... ok
test layer2::combat::tests::test_loot_generation ... ok
test layer2::debris_tests::tests::test_debris_accumulation_on_launch ... ok
test layer2::debris_tests::tests::test_debris_accumulation_on_ship_destruction ... ok
test layer2::debris_tests::tests::test_debris_cleanup_action ... ok
test layer2::debris_tests::tests::test_fleet_destruction_from_debris ... ok
test layer2::debris_tests::tests::test_debris_decay ... ok
test layer2::debris_tests::tests::test_launch_failure_risk_from_debris ... ok
test layer2::debris_tests::tests::test_orbit_attrition_damage ... ok
test layer2::fleet::tests::test_fleet_arrival ... ok
test layer2::fleet::tests::test_fleet_spawn_in_orbit ... ok
test layer2::fleet::tests::test_fleet_transit_progress ... ok
test layer2::fleet::tests::test_order_fleet_movement ... ok
test layer2::generation::tests::test_colony_location_assignment ... ok
test layer2::generation::tests::test_generate_system_creates_planets ... ok
test layer2::generation::tests::test_determinism ... ok
test layer2::generation::tests::test_generate_system_creates_star ... ok
test layer2::generation::tests::test_planetary_traits_propagation ... ok
test layer2::mining_tests::tests::test_fleet_cargo_capacity ... ok
test layer2::mining_tests::tests::test_mining_extracts_resources ... ok
test layer2::mining_tests::tests::test_mining_stops_when_depleted ... ok
test layer2::mining_tests::tests::test_mining_target_has_resources ... ok
test layer2::mining_tests::tests::test_order_mining_fails_if_full ... ok
test layer2::mining_tests::tests::test_mining_stops_when_full ... ok
test layer2::mining_tests::tests::test_order_mining_initiates_process ... ok
test layer2::ship::tests::test_fleet_composition_calculates_min_speed ... ok
test layer2::ship::tests::test_fleet_composition_calculates_total_cargo ... ok
test layer2::mining_tests::tests::test_order_mining_fails_if_not_in_orbit ... ok
test layer2::ship::tests::test_fleet_composition_empty_has_default_speed ... ok
test layer2::ship::tests::test_ship_construction_cost ... ok
test layer2::ship::tests::test_ship_type_stats ... ok
test layer2::system::tests::test_orbital_body_component ... ok
test layer2::system::tests::test_orbit_component ... ok
test layer2::system::tests::test_toggle_view_mode_input ... ok
test layer2::system::tests::test_view_mode_resource ... ok
test layer2::thermal_bloom_tests::tests::test_low_signature_safe ... ok
test layer2::thermal_bloom_tests::tests::test_detection_risk_trigger ... ok
test layer2::thermal_bloom_tests::tests::test_thermal_decay ... ok
test layer2::thermal_bloom_tests::tests::test_thermal_signature_aggregation ... ok
test layer2::visibility::tests::test_loss_of_visibility_forces_colony_view ... ok
test layer2::visibility::tests::test_powered_command_center_grants_visibility ... ok
test layer2::visibility::tests::test_visibility_defaults_to_none ... ok
test layer2::visibility::tests::test_unpowered_command_center_denies_visibility ... ok
test layer3::silence::tests::test_hostile_spawn_triggered_when_threshold_exceeded ... ok
test layer3::silence::tests::test_detection_risk_increases_with_power_and_pops ... ok
test platform::input::tests::test_all_key_code_variants ... ok
test layer2::barnacles::tests::test_barnacle_accumulation ... ok
test platform::input::tests::test_game_key_code_equality ... ok
test platform::input::tests::test_game_key_event_creation ... ok
test platform::input::tests::test_game_key_event_is_copy ... ok
test platform::input::tests::test_game_mouse_event_creation ... ok
test platform::input::tests::test_game_mouse_event_is_copy ... ok
test platform::native::tests::test_key_release_ignored ... ok
test platform::native::tests::test_key_repeat_ignored ... ok
test platform::native::tests::test_translate_arrows ... ok
test platform::native::tests::test_translate_backtab ... ok
test platform::native::tests::test_translate_enter ... ok
test platform::native::tests::test_translate_backspace_delete ... ok
test platform::native::tests::test_translate_char_key ... ok
test platform::native::tests::test_translate_esc ... ok
test platform::native::tests::test_translate_mouse_down ... ok
test platform::native::tests::test_translate_mouse_up_ignored ... ok
test platform::native::tests::test_translate_tab ... ok
test platform::native::tests::test_unhandled_key_returns_none ... ok
test platform::native::tests::test_translate_mouse_move_ignored ... ok
test platform::native::tests::test_windows_press_release_does_not_double_toggle_pause ... ok
test setup::tests::test_setup_world_creates_resources ... ok
test setup::tests::test_setup_world_creates_factions ... ok
test setup::tests::test_setup_world_default_state_is_main_menu ... ok
test setup::tests::test_setup_world_has_chronicle_event ... ok
test setup::tests::test_setup_world_generates_system ... ok
test shared::colony::tests::test_colony_name_custom ... ok
test shared::colony::tests::test_colony_name_default ... ok
test shared::input::tests::test_build_mode_backtab_cycles_material ... ok
test shared::input::tests::test_cannot_pop_main_menu_context ... ok
test shared::input::tests::test_camera_target_movement ... ok
test shared::input::tests::test_chronicle_toggle ... ok
test shared::input::tests::test_cursor_overflow_safety ... ok
test shared::input::tests::test_input_context_default ... ok
test shared::input::tests::test_input_context_is_copy ... ok
test shared::input::tests::test_designation_mode_entry_and_exit ... ok
test shared::input::tests::test_input_context_stack_push_pop ... ok
test shared::input::tests::test_input_router_build_mode_blocks_quit ... ok
test shared::input::tests::test_input_router_normal_mode_esc_clears_selection ... ok
test shared::input::tests::test_input_router_normal_mode_esc_quits_if_no_selection ... ok
test shared::input::tests::test_input_router_normal_mode_quit ... ok
test shared::input::tests::test_input_router_overlay_escape_pops_context ... ok
test shared::input::tests::test_keybinding_normal_mode_all_keys ... ok
test shared::input::tests::test_route_mouse_build_mode_ignores_click ... ok
test shared::input::tests::test_route_mouse_normal_mode_selects ... ok
test shared::input::tests::test_route_mouse_overlay_ignores_click ... ok
test shared::log::tests::test_add_colored_message ... ok
test shared::input::tests::test_tech_tree_mode_navigation ... ok
test shared::log::tests::test_add_message ... ok
test shared::log::tests::test_log_overflow ... ok
test shared::menu::tests::test_gamestate_main_menu_variant ... ok
test shared::log::tests::test_message_log_default ... ok
test shared::menu::tests::test_input_context_main_menu_variant ... ok
test shared::menu::tests::test_menu_input_start_game ... ok
test shared::menu::tests::test_menu_input_quit ... ok
test shared::menu::tests::test_menu_navigation_down ... ok
test shared::menu::tests::test_menu_navigation_up ... ok
test shared::menu::tests::test_menu_state_resource ... ok
test shared::narrative::test_generate_empty_patterns ... ok
test shared::narrative::test_generate_missing_fragment_options ... ok
test shared::narrative::test_generate_missing_key ... ok
test shared::narrative::test_generate_missing_template ... ok
test shared::narrative::test_generate_optional_key_missing ... ok
test shared::narrative::test_generate_structured ... ok
test shared::narrative::test_generate_unclosed_slot ... ok
test shared::narrative::tests::test_context_insert_get ... ok
test shared::narrative::tests::test_fragment_parsing ... ok
test shared::narrative::tests::test_generate_civ_name ... ok
test shared::narrative::tests::test_from_embedded_loads_templates_and_fragments ... ok
test shared::narrative::tests::test_generation_fragment_fallback ... ok
test setup::tests::test_setup_world_spawns_pops ... ok
test shared::narrative::tests::test_generation_simple ... ok
test shared::narrative::tests::test_panic_on_single_quote ... ok
test shared::narrative::tests::test_load_from_files_not_found ... ok
test shared::narrative::tests::test_template_parsing ... ok
test shared::selection::tests::test_click_to_screen_pos ... ok
test shared::selection::tests::test_inspect_entity_nonexistent ... ok
test shared::selection::tests::test_inspect_entity_pop ... ok
test shared::selection::tests::test_inspect_tile_out_of_bounds ... ok
test shared::selection::tests::test_inspect_tile_with_terrain ... ok
test shared::selection::tests::test_screen_to_world_overflow ... ok
test shared::selection::tests::test_selection_clear ... ok
test shared::selection::tests::test_selection_default_none ... ok
test shared::selection::tests::test_selection_entity ... ok
test shared::selection::tests::test_selection_get_entity ... ok
test shared::selection::tests::test_selection_get_tile ... ok
test shared::selection::tests::test_selection_is_selected ... ok
test shared::selection::tests::test_selection_overwrite ... ok
test shared::selection::tests::test_selection_tile ... ok
test shared::selection::tests::test_selection_target_is_copy ... ok
test shared::time::tests::test_sim_speed_labels ... ok
test shared::time::tests::test_sim_speed_transitions ... ok
test shared::time::tests::test_simulation_time_default ... ok
test shared::time::tests::test_simulation_time_speed_changes ... ok
test shared::time::tests::test_speed_debug_format ... ok
test shared::time::tests::test_speed_is_copy ... ok
test shared::time::tests::test_wall_time_default ... ok
test shared::time::tests::test_tick_increment ... ok
test shared::narrative::tests::test_generate_star_name ... ok
test shared::world_history::tests::test_generate_history_events_has_legendary ... ok
test shared::world_history::tests::test_generate_history_events_produces_events ... ok
test shared::world_history::tests::test_generate_history_events_text_not_empty ... ok
test shared::world_history::tests::test_generate_world_history_inserts_into_chronicle ... ok
test simulation::tests::test_schedule_builds_without_panic ... ok
test layer1::lifecycle::tests::test_natural_death_chance ... ok
test ui::inspector::tests::test_inspector_render_colony_stats_skyglow ... ok
test ui::inspector::tests::test_inspector_render_dietary_history ... ok
test ui::inspector::tests::test_inspector_render_dream ... ok
test ui::inspector::tests::test_inspector_render_machine_spirit ... ok
test ui::inspector::tests::test_inspector_render_nocturnal_fauna ... ok
test ui::inspector::tests::test_inspector_render_observatory ... ok
test ui::inspector::tests::test_inspector_render_pop ... ok
test ui::inspector::tests::test_inspector_render_pop_biocompatibility ... ok
test ui::inspector::tests::test_inspector_render_pop_morale ... ok
test ui::inspector::tests::test_inspector_render_refining ... ok
test ui::inspector::tests::test_inspector_render_rock_purity ... ok
test ui::inspector::tests::test_inspector_render_stockpile ... ok
test ui::seasonal_gfx::tests::test_autumn_colors ... ok
test ui::seasonal_gfx::tests::test_none_season_defaults ... ok
test ui::seasonal_gfx::tests::test_spring_defaults ... ok
test ui::seasonal_gfx::tests::test_winter_colors ... ok
test ui::status::tests::test_get_status_string_formatting ... ok
test ui::status::tests::test_no_season_when_none ... ok
test ui::status::tests::test_render_status_bar_calculates_morale ... ok
test ui::status::tests::test_season_display_in_status ... ok
test ui::status::tests::test_solar_cycle_display_in_status ... ok
test ui::status::tests::test_truncate_line_no_truncation ... ok
test ui::status::tests::test_truncate_line_truncates ... ok
test ui::tech::tests::test_tech_list_completeness ... ok
test ui::tech::tests::test_tech_ui_navigation ... ok
test ui::tech::tests::test_tech_ui_state_resource_defaults ... ok
test ui::tech::tests::test_unlock_action_via_function ... ok
test ui::waste_ui_tests::test_inspector_shows_waste_stats ... ok
test simulation::tests::test_run_simulation_tick_increments ... ok
test simulation::tests::test_schedule_runs_on_fresh_world ... ok
test simulation::tests::test_run_multiple_ticks ... ok

failures:

---- layer1::geodetic_tests::tests::test_living_stone_heat_attraction stdout ----

thread 'layer1::geodetic_tests::tests::test_living_stone_heat_attraction' (12471) panicked at src/layer1/geodetic_tests.rs:94:9:
Stone should move towards heat. Pos: GridPosition { x: 15, y: 15 }
note: run with `RUST_BACKTRACE=1` environment variable to display a backtrace

---- layer1::memory::tests::test_calculate_effective_morale stdout ----

thread 'layer1::memory::tests::test_calculate_effective_morale' (12667) panicked at src/layer1/memory.rs:286:9:
assertion failed: (effective - 0.3).abs() < 0.001

---- layer1::memory::tests::test_multiple_memories_stack stdout ----

thread 'layer1::memory::tests::test_multiple_memories_stack' (12671) panicked at src/layer1/memory.rs:306:9:
assertion failed: (effective - 0.4).abs() < 0.001

---- layer1::memory::tests::test_social_buff_stacking stdout ----

thread 'layer1::memory::tests::test_social_buff_stacking' (12672) panicked at src/layer1/memory.rs:337:9:
assertion failed: (effective - 0.6).abs() < f32::EPSILON

---- layer1::memory::tests::test_trait_mood_modifier stdout ----

thread 'layer1::memory::tests::test_trait_mood_modifier' (12673) panicked at src/layer1/memory.rs:374:9:
assertion failed: (effective - 0.6).abs() < 0.001

---- layer1::nature::weather_tests::tests::test_inversion_halts_diffusion stdout ----

thread 'layer1::nature::weather_tests::tests::test_inversion_halts_diffusion' (12784) panicked at src/layer1/nature/weather_tests.rs:46:9:
Smog level 99 should be > 99.0

---- layer1::politics::tests::test_voting_logic stdout ----

thread 'layer1::politics::tests::test_voting_logic' (12876) panicked at src/layer1/politics.rs:347:9:
assertion `left == right` failed
  left: 2
 right: 1

---- layer1::rumor::tests::test_rumor_generation_negative_morale stdout ----

thread 'layer1::rumor::tests::test_rumor_generation_negative_morale' (12995) panicked at src/layer1/rumor.rs:200:9:
Rumor should be generated for low morale

---- layer1::stress::tests::test_stress_accumulation stdout ----

thread 'layer1::stress::tests::test_stress_accumulation' (13125) panicked at src/layer1/stress.rs:230:9:
Should accumulate stress ticks

---- layer1::void_stare::tests::test_void_exposure_gain stdout ----

thread 'layer1::void_stare::tests::test_void_exposure_gain' (13342) panicked at src/layer1/void_stare.rs:213:9:
Pop should gain exposure from void grid


failures:
    layer1::geodetic_tests::tests::test_living_stone_heat_attraction
    layer1::memory::tests::test_calculate_effective_morale
    layer1::memory::tests::test_multiple_memories_stack
    layer1::memory::tests::test_social_buff_stacking
    layer1::memory::tests::test_trait_mood_modifier
    layer1::nature::weather_tests::tests::test_inversion_halts_diffusion
    layer1::politics::tests::test_voting_logic
    layer1::rumor::tests::test_rumor_generation_negative_morale
    layer1::stress::tests::test_stress_accumulation
    layer1::void_stare::tests::test_void_exposure_gain

test result: FAILED. 1529 passed; 10 failed; 1 ignored; 0 measured; 0 filtered out; finished in 5.81s

error: test failed, to rerun pass `--lib`
